
*** Running vivado
    with args -log top.vds -m64 -product Vivado -mode batch -messageDb vivado.pb -notrace -source top.tcl



****** Vivado v2021.1 (64-bit)
  **** SW Build 3247384 on Thu Jun 10 19:36:33 MDT 2021
  **** IP Build 3246043 on Fri Jun 11 00:30:35 MDT 2021
    ** Copyright 1986-2021 Xilinx, Inc. All Rights Reserved.

source top.tcl -notrace
Command: synth_design -top top -part xcvc1802-viva1596-1LHP-i-L
Starting synth_design
Attempting to get a license for feature 'Synthesis' and/or device 'xcvc1802'
INFO: [Common 17-349] Got license for feature 'Synthesis' and/or device 'xcvc1802'
INFO: [Synth 8-7079] Multithreading enabled for synth_design using a maximum of 2 processes.
INFO: [Synth 8-7078] Launching helper process for spawning children vivado processes
INFO: [Synth 8-7075] Helper process launched with PID 15440
---------------------------------------------------------------------------------
Starting Synthesize : Time (s): cpu = 00:00:05 ; elapsed = 00:00:05 . Memory (MB): peak = 1224.691 ; gain = 0.000
---------------------------------------------------------------------------------
INFO: [Synth 8-6157] synthesizing module 'top' [C:/Users/33064/OneDrive/Desktop/prj-main-2/rtl/top.v:23]
INFO: [Synth 8-6157] synthesizing module 'tx' [C:/Users/33064/OneDrive/Desktop/prj-main-2/rtl/tx.v:23]
INFO: [Synth 8-6157] synthesizing module 'rom' [C:/Users/33064/OneDrive/Desktop/prj-main-2/rtl/rom.v:23]
INFO: [Synth 8-6155] done synthesizing module 'rom' (1#1) [C:/Users/33064/OneDrive/Desktop/prj-main-2/rtl/rom.v:23]
INFO: [Synth 8-6157] synthesizing module 'des' [C:/Users/33064/OneDrive/Desktop/prj-main-2/rtl/des/des.v:22]
INFO: [Synth 8-6157] synthesizing module 'delay_line' [C:/Users/33064/OneDrive/Desktop/prj-main-2/rtl/des/delay_line.v:23]
	Parameter WIDTH bound to: 48 - type: integer 
	Parameter DEPTH bound to: 2 - type: integer 
INFO: [Synth 8-6155] done synthesizing module 'delay_line' (2#1) [C:/Users/33064/OneDrive/Desktop/prj-main-2/rtl/des/delay_line.v:23]
INFO: [Synth 8-6157] synthesizing module 'delay_line__parameterized0' [C:/Users/33064/OneDrive/Desktop/prj-main-2/rtl/des/delay_line.v:23]
	Parameter WIDTH bound to: 48 - type: integer 
	Parameter DEPTH bound to: 4 - type: integer 
INFO: [Synth 8-6155] done synthesizing module 'delay_line__parameterized0' (2#1) [C:/Users/33064/OneDrive/Desktop/prj-main-2/rtl/des/delay_line.v:23]
INFO: [Synth 8-6157] synthesizing module 'delay_line__parameterized1' [C:/Users/33064/OneDrive/Desktop/prj-main-2/rtl/des/delay_line.v:23]
	Parameter WIDTH bound to: 48 - type: integer 
	Parameter DEPTH bound to: 6 - type: integer 
INFO: [Synth 8-6155] done synthesizing module 'delay_line__parameterized1' (2#1) [C:/Users/33064/OneDrive/Desktop/prj-main-2/rtl/des/delay_line.v:23]
INFO: [Synth 8-6157] synthesizing module 'delay_line__parameterized2' [C:/Users/33064/OneDrive/Desktop/prj-main-2/rtl/des/delay_line.v:23]
	Parameter WIDTH bound to: 48 - type: integer 
	Parameter DEPTH bound to: 8 - type: integer 
INFO: [Synth 8-6155] done synthesizing module 'delay_line__parameterized2' (2#1) [C:/Users/33064/OneDrive/Desktop/prj-main-2/rtl/des/delay_line.v:23]
INFO: [Synth 8-6157] synthesizing module 'delay_line__parameterized3' [C:/Users/33064/OneDrive/Desktop/prj-main-2/rtl/des/delay_line.v:23]
	Parameter WIDTH bound to: 48 - type: integer 
	Parameter DEPTH bound to: 10 - type: integer 
INFO: [Synth 8-6155] done synthesizing module 'delay_line__parameterized3' (2#1) [C:/Users/33064/OneDrive/Desktop/prj-main-2/rtl/des/delay_line.v:23]
INFO: [Synth 8-6157] synthesizing module 'delay_line__parameterized4' [C:/Users/33064/OneDrive/Desktop/prj-main-2/rtl/des/delay_line.v:23]
	Parameter WIDTH bound to: 48 - type: integer 
	Parameter DEPTH bound to: 12 - type: integer 
INFO: [Synth 8-6155] done synthesizing module 'delay_line__parameterized4' (2#1) [C:/Users/33064/OneDrive/Desktop/prj-main-2/rtl/des/delay_line.v:23]
INFO: [Synth 8-6157] synthesizing module 'delay_line__parameterized5' [C:/Users/33064/OneDrive/Desktop/prj-main-2/rtl/des/delay_line.v:23]
	Parameter WIDTH bound to: 48 - type: integer 
	Parameter DEPTH bound to: 14 - type: integer 
INFO: [Synth 8-6155] done synthesizing module 'delay_line__parameterized5' (2#1) [C:/Users/33064/OneDrive/Desktop/prj-main-2/rtl/des/delay_line.v:23]
INFO: [Synth 8-6157] synthesizing module 'delay_line__parameterized6' [C:/Users/33064/OneDrive/Desktop/prj-main-2/rtl/des/delay_line.v:23]
	Parameter WIDTH bound to: 48 - type: integer 
	Parameter DEPTH bound to: 16 - type: integer 
INFO: [Synth 8-6155] done synthesizing module 'delay_line__parameterized6' (2#1) [C:/Users/33064/OneDrive/Desktop/prj-main-2/rtl/des/delay_line.v:23]
INFO: [Synth 8-6157] synthesizing module 'delay_line__parameterized7' [C:/Users/33064/OneDrive/Desktop/prj-main-2/rtl/des/delay_line.v:23]
	Parameter WIDTH bound to: 48 - type: integer 
	Parameter DEPTH bound to: 18 - type: integer 
INFO: [Synth 8-6155] done synthesizing module 'delay_line__parameterized7' (2#1) [C:/Users/33064/OneDrive/Desktop/prj-main-2/rtl/des/delay_line.v:23]
INFO: [Synth 8-6157] synthesizing module 'delay_line__parameterized8' [C:/Users/33064/OneDrive/Desktop/prj-main-2/rtl/des/delay_line.v:23]
	Parameter WIDTH bound to: 48 - type: integer 
	Parameter DEPTH bound to: 20 - type: integer 
INFO: [Synth 8-6155] done synthesizing module 'delay_line__parameterized8' (2#1) [C:/Users/33064/OneDrive/Desktop/prj-main-2/rtl/des/delay_line.v:23]
INFO: [Synth 8-6157] synthesizing module 'delay_line__parameterized9' [C:/Users/33064/OneDrive/Desktop/prj-main-2/rtl/des/delay_line.v:23]
	Parameter WIDTH bound to: 48 - type: integer 
	Parameter DEPTH bound to: 22 - type: integer 
INFO: [Synth 8-6155] done synthesizing module 'delay_line__parameterized9' (2#1) [C:/Users/33064/OneDrive/Desktop/prj-main-2/rtl/des/delay_line.v:23]
INFO: [Synth 8-6157] synthesizing module 'delay_line__parameterized10' [C:/Users/33064/OneDrive/Desktop/prj-main-2/rtl/des/delay_line.v:23]
	Parameter WIDTH bound to: 48 - type: integer 
	Parameter DEPTH bound to: 24 - type: integer 
INFO: [Synth 8-6155] done synthesizing module 'delay_line__parameterized10' (2#1) [C:/Users/33064/OneDrive/Desktop/prj-main-2/rtl/des/delay_line.v:23]
INFO: [Synth 8-6157] synthesizing module 'delay_line__parameterized11' [C:/Users/33064/OneDrive/Desktop/prj-main-2/rtl/des/delay_line.v:23]
	Parameter WIDTH bound to: 48 - type: integer 
	Parameter DEPTH bound to: 26 - type: integer 
INFO: [Synth 8-6155] done synthesizing module 'delay_line__parameterized11' (2#1) [C:/Users/33064/OneDrive/Desktop/prj-main-2/rtl/des/delay_line.v:23]
INFO: [Synth 8-6157] synthesizing module 'delay_line__parameterized12' [C:/Users/33064/OneDrive/Desktop/prj-main-2/rtl/des/delay_line.v:23]
	Parameter WIDTH bound to: 48 - type: integer 
	Parameter DEPTH bound to: 28 - type: integer 
INFO: [Synth 8-6155] done synthesizing module 'delay_line__parameterized12' (2#1) [C:/Users/33064/OneDrive/Desktop/prj-main-2/rtl/des/delay_line.v:23]
INFO: [Synth 8-6157] synthesizing module 'delay_line__parameterized13' [C:/Users/33064/OneDrive/Desktop/prj-main-2/rtl/des/delay_line.v:23]
	Parameter WIDTH bound to: 48 - type: integer 
	Parameter DEPTH bound to: 30 - type: integer 
INFO: [Synth 8-6155] done synthesizing module 'delay_line__parameterized13' (2#1) [C:/Users/33064/OneDrive/Desktop/prj-main-2/rtl/des/delay_line.v:23]
INFO: [Synth 8-6157] synthesizing module 'des_round' [C:/Users/33064/OneDrive/Desktop/prj-main-2/rtl/des/des_round.v:1]
INFO: [Synth 8-6157] synthesizing module 'des_feistel' [C:/Users/33064/OneDrive/Desktop/prj-main-2/rtl/des/des_feistel.v:22]
INFO: [Synth 8-6157] synthesizing module 'des_S' [C:/Users/33064/OneDrive/Desktop/prj-main-2/rtl/des/des_S.v:23]
	Parameter SBOX_ID bound to: 0 - type: integer 
INFO: [Synth 8-6155] done synthesizing module 'des_S' (3#1) [C:/Users/33064/OneDrive/Desktop/prj-main-2/rtl/des/des_S.v:23]
INFO: [Synth 8-6157] synthesizing module 'des_S__parameterized0' [C:/Users/33064/OneDrive/Desktop/prj-main-2/rtl/des/des_S.v:23]
	Parameter SBOX_ID bound to: 1 - type: integer 
INFO: [Synth 8-6155] done synthesizing module 'des_S__parameterized0' (3#1) [C:/Users/33064/OneDrive/Desktop/prj-main-2/rtl/des/des_S.v:23]
INFO: [Synth 8-6157] synthesizing module 'des_S__parameterized1' [C:/Users/33064/OneDrive/Desktop/prj-main-2/rtl/des/des_S.v:23]
	Parameter SBOX_ID bound to: 2 - type: integer 
INFO: [Synth 8-6155] done synthesizing module 'des_S__parameterized1' (3#1) [C:/Users/33064/OneDrive/Desktop/prj-main-2/rtl/des/des_S.v:23]
INFO: [Synth 8-6157] synthesizing module 'des_S__parameterized2' [C:/Users/33064/OneDrive/Desktop/prj-main-2/rtl/des/des_S.v:23]
	Parameter SBOX_ID bound to: 3 - type: integer 
INFO: [Synth 8-6155] done synthesizing module 'des_S__parameterized2' (3#1) [C:/Users/33064/OneDrive/Desktop/prj-main-2/rtl/des/des_S.v:23]
INFO: [Synth 8-6157] synthesizing module 'des_S__parameterized3' [C:/Users/33064/OneDrive/Desktop/prj-main-2/rtl/des/des_S.v:23]
	Parameter SBOX_ID bound to: 4 - type: integer 
INFO: [Synth 8-6155] done synthesizing module 'des_S__parameterized3' (3#1) [C:/Users/33064/OneDrive/Desktop/prj-main-2/rtl/des/des_S.v:23]
INFO: [Synth 8-6157] synthesizing module 'des_S__parameterized4' [C:/Users/33064/OneDrive/Desktop/prj-main-2/rtl/des/des_S.v:23]
	Parameter SBOX_ID bound to: 5 - type: integer 
INFO: [Synth 8-6155] done synthesizing module 'des_S__parameterized4' (3#1) [C:/Users/33064/OneDrive/Desktop/prj-main-2/rtl/des/des_S.v:23]
INFO: [Synth 8-6157] synthesizing module 'des_S__parameterized5' [C:/Users/33064/OneDrive/Desktop/prj-main-2/rtl/des/des_S.v:23]
	Parameter SBOX_ID bound to: 6 - type: integer 
INFO: [Synth 8-6155] done synthesizing module 'des_S__parameterized5' (3#1) [C:/Users/33064/OneDrive/Desktop/prj-main-2/rtl/des/des_S.v:23]
INFO: [Synth 8-6157] synthesizing module 'des_S__parameterized6' [C:/Users/33064/OneDrive/Desktop/prj-main-2/rtl/des/des_S.v:23]
	Parameter SBOX_ID bound to: 7 - type: integer 
INFO: [Synth 8-6155] done synthesizing module 'des_S__parameterized6' (3#1) [C:/Users/33064/OneDrive/Desktop/prj-main-2/rtl/des/des_S.v:23]
INFO: [Synth 8-6157] synthesizing module 'des_E' [C:/Users/33064/OneDrive/Desktop/prj-main-2/rtl/des/des_E.v:23]
INFO: [Synth 8-6155] done synthesizing module 'des_E' (4#1) [C:/Users/33064/OneDrive/Desktop/prj-main-2/rtl/des/des_E.v:23]
INFO: [Synth 8-6157] synthesizing module 'des_P' [C:/Users/33064/OneDrive/Desktop/prj-main-2/rtl/des/des_P.v:23]
INFO: [Synth 8-6155] done synthesizing module 'des_P' (5#1) [C:/Users/33064/OneDrive/Desktop/prj-main-2/rtl/des/des_P.v:23]
INFO: [Synth 8-6155] done synthesizing module 'des_feistel' (6#1) [C:/Users/33064/OneDrive/Desktop/prj-main-2/rtl/des/des_feistel.v:22]
INFO: [Synth 8-6155] done synthesizing module 'des_round' (7#1) [C:/Users/33064/OneDrive/Desktop/prj-main-2/rtl/des/des_round.v:1]
INFO: [Synth 8-6157] synthesizing module 'des_key_schedule' [C:/Users/33064/OneDrive/Desktop/prj-main-2/rtl/des/des_key_schedule.v:22]
INFO: [Synth 8-6157] synthesizing module 'des_PC1' [C:/Users/33064/OneDrive/Desktop/prj-main-2/rtl/des/des_PC1.v:22]
INFO: [Synth 8-6155] done synthesizing module 'des_PC1' (8#1) [C:/Users/33064/OneDrive/Desktop/prj-main-2/rtl/des/des_PC1.v:22]
INFO: [Synth 8-6157] synthesizing module 'des_PC2' [C:/Users/33064/OneDrive/Desktop/prj-main-2/rtl/des/des_PC2.v:22]
INFO: [Synth 8-6155] done synthesizing module 'des_PC2' (9#1) [C:/Users/33064/OneDrive/Desktop/prj-main-2/rtl/des/des_PC2.v:22]
INFO: [Synth 8-6155] done synthesizing module 'des_key_schedule' (10#1) [C:/Users/33064/OneDrive/Desktop/prj-main-2/rtl/des/des_key_schedule.v:22]
INFO: [Synth 8-6157] synthesizing module 'delay_line__parameterized14' [C:/Users/33064/OneDrive/Desktop/prj-main-2/rtl/des/delay_line.v:23]
	Parameter WIDTH bound to: 1 - type: integer 
	Parameter DEPTH bound to: 34 - type: integer 
INFO: [Synth 8-6155] done synthesizing module 'delay_line__parameterized14' (10#1) [C:/Users/33064/OneDrive/Desktop/prj-main-2/rtl/des/delay_line.v:23]
INFO: [Synth 8-6157] synthesizing module 'des_IP' [C:/Users/33064/OneDrive/Desktop/prj-main-2/rtl/des/des_IP.v:22]
INFO: [Synth 8-6155] done synthesizing module 'des_IP' (11#1) [C:/Users/33064/OneDrive/Desktop/prj-main-2/rtl/des/des_IP.v:22]
INFO: [Synth 8-6157] synthesizing module 'des_IP1' [C:/Users/33064/OneDrive/Desktop/prj-main-2/rtl/des/des_IP1.v:23]
INFO: [Synth 8-6155] done synthesizing module 'des_IP1' (12#1) [C:/Users/33064/OneDrive/Desktop/prj-main-2/rtl/des/des_IP1.v:23]
INFO: [Synth 8-6155] done synthesizing module 'des' (13#1) [C:/Users/33064/OneDrive/Desktop/prj-main-2/rtl/des/des.v:22]
INFO: [Synth 8-6157] synthesizing module 'rc_filter' [C:/Users/33064/OneDrive/Desktop/prj-main-2/rtl/rc_filter.v:23]
INFO: [Synth 8-6157] synthesizing module 'interpolation' [C:/Users/33064/OneDrive/Desktop/prj-main-2/rtl/interpolation.v:23]
INFO: [Synth 8-6157] synthesizing module 'interpolation_unit_1' [C:/Users/33064/OneDrive/Desktop/prj-main-2/rtl/interpolation_unit.v:23]
INFO: [Synth 8-6155] done synthesizing module 'interpolation_unit_1' (14#1) [C:/Users/33064/OneDrive/Desktop/prj-main-2/rtl/interpolation_unit.v:23]
INFO: [Synth 8-6157] synthesizing module 'interpolation_unit_2' [C:/Users/33064/OneDrive/Desktop/prj-main-2/rtl/interpolation_unit.v:52]
INFO: [Synth 8-6155] done synthesizing module 'interpolation_unit_2' (15#1) [C:/Users/33064/OneDrive/Desktop/prj-main-2/rtl/interpolation_unit.v:52]
INFO: [Synth 8-6157] synthesizing module 'interpolation_unit_3' [C:/Users/33064/OneDrive/Desktop/prj-main-2/rtl/interpolation_unit.v:81]
INFO: [Synth 8-6155] done synthesizing module 'interpolation_unit_3' (16#1) [C:/Users/33064/OneDrive/Desktop/prj-main-2/rtl/interpolation_unit.v:81]
INFO: [Synth 8-6157] synthesizing module 'interpolation_unit_4' [C:/Users/33064/OneDrive/Desktop/prj-main-2/rtl/interpolation_unit.v:110]
INFO: [Synth 8-6155] done synthesizing module 'interpolation_unit_4' (17#1) [C:/Users/33064/OneDrive/Desktop/prj-main-2/rtl/interpolation_unit.v:110]
INFO: [Synth 8-6155] done synthesizing module 'interpolation' (18#1) [C:/Users/33064/OneDrive/Desktop/prj-main-2/rtl/interpolation.v:23]
INFO: [Synth 8-6155] done synthesizing module 'rc_filter' (19#1) [C:/Users/33064/OneDrive/Desktop/prj-main-2/rtl/rc_filter.v:23]
INFO: [Synth 8-6155] done synthesizing module 'tx' (20#1) [C:/Users/33064/OneDrive/Desktop/prj-main-2/rtl/tx.v:23]
INFO: [Synth 8-6157] synthesizing module 'rx' [C:/Users/33064/OneDrive/Desktop/prj-main-2/rtl/rx.v:23]
INFO: [Synth 8-6157] synthesizing module 'decision' [C:/Users/33064/OneDrive/Desktop/prj-main-2/rtl/decision.v:23]
INFO: [Synth 8-6155] done synthesizing module 'decision' (21#1) [C:/Users/33064/OneDrive/Desktop/prj-main-2/rtl/decision.v:23]
INFO: [Synth 8-6157] synthesizing module 'ber' [C:/Users/33064/OneDrive/Desktop/prj-main-2/rtl/ber.v:23]
INFO: [Synth 8-6155] done synthesizing module 'ber' (22#1) [C:/Users/33064/OneDrive/Desktop/prj-main-2/rtl/ber.v:23]
INFO: [Synth 8-6155] done synthesizing module 'rx' (23#1) [C:/Users/33064/OneDrive/Desktop/prj-main-2/rtl/rx.v:23]
INFO: [Synth 8-6155] done synthesizing module 'top' (24#1) [C:/Users/33064/OneDrive/Desktop/prj-main-2/rtl/top.v:23]
---------------------------------------------------------------------------------
Finished Synthesize : Time (s): cpu = 00:00:06 ; elapsed = 00:00:07 . Memory (MB): peak = 1224.691 ; gain = 0.000
---------------------------------------------------------------------------------
---------------------------------------------------------------------------------
Finished Constraint Validation : Time (s): cpu = 00:00:07 ; elapsed = 00:00:08 . Memory (MB): peak = 1224.691 ; gain = 0.000
---------------------------------------------------------------------------------
---------------------------------------------------------------------------------
Start Loading Part and Timing Information
---------------------------------------------------------------------------------
Loading part: xcvc1802-viva1596-1LHP-i-L
INFO: [Synth 8-6742] Reading net delay rules and data
---------------------------------------------------------------------------------
Finished Loading Part and Timing Information : Time (s): cpu = 00:00:07 ; elapsed = 00:00:08 . Memory (MB): peak = 1224.691 ; gain = 0.000
---------------------------------------------------------------------------------
INFO: [Device 21-403] Loading part xcvc1802-viva1596-1LHP-i-L
---------------------------------------------------------------------------------
Finished RTL Optimization Phase 2 : Time (s): cpu = 00:00:10 ; elapsed = 00:00:10 . Memory (MB): peak = 1224.691 ; gain = 0.000
---------------------------------------------------------------------------------
INFO: [Synth 8-223] decloning instance 'u_tx/bit_lib' (rom) to 'u_tx/key_lib'
No constraint files found.
---------------------------------------------------------------------------------
Start RTL Component Statistics 
---------------------------------------------------------------------------------
Detailed RTL Component Info : 
+---Adders : 
	   2 Input   16 Bit       Adders := 1     
	   2 Input    6 Bit       Adders := 96    
	   2 Input    5 Bit       Adders := 3     
+---XORs : 
	   2 Input     48 Bit         XORs := 32    
	   2 Input     32 Bit         XORs := 32    
+---Registers : 
	               64 Bit    Registers := 40    
	               48 Bit    Registers := 480   
	               32 Bit    Registers := 64    
	               16 Bit    Registers := 1     
	                6 Bit    Registers := 128   
	                5 Bit    Registers := 3     
	                4 Bit    Registers := 256   
	                2 Bit    Registers := 289   
	                1 Bit    Registers := 74    
+---Muxes : 
	   2 Input   64 Bit        Muxes := 33    
	   2 Input   48 Bit        Muxes := 32    
	   5 Input    6 Bit        Muxes := 256   
	   2 Input    5 Bit        Muxes := 6     
	  19 Input    4 Bit        Muxes := 256   
	   2 Input    2 Bit        Muxes := 33    
	   4 Input    2 Bit        Muxes := 32    
---------------------------------------------------------------------------------
Finished RTL Component Statistics 
---------------------------------------------------------------------------------
---------------------------------------------------------------------------------
Start Part Resource Summary
---------------------------------------------------------------------------------
Part Resources:
DSPs: 1600 (col length:164)
BRAMs: 1600 (col length: RAMB18 168 RAMB36 84)
---------------------------------------------------------------------------------
Finished Part Resource Summary
---------------------------------------------------------------------------------
No constraint files found.
---------------------------------------------------------------------------------
Start Cross Boundary and Area Optimization
---------------------------------------------------------------------------------
