Copyright 1986-2021 Xilinx, Inc. All Rights Reserved.
-------------------------------------------------------------------------------------------------
| Tool Version : Vivado v.2021.1 (win64) Build 3247384 Thu Jun 10 19:36:33 MDT 2021
| Date         : Tue Aug  4 15:34:39 2026
| Host         : a running 64-bit major release  (build 9200)
| Command      : report_utilization -file top_utilization_synth.rpt -pb top_utilization_synth.pb
| Design       : top
| Device       : xcvc1802viva1596-1LHP
| Design State : Synthesized
-------------------------------------------------------------------------------------------------

Utilization Design Information

Table of Contents
-----------------
1. Netlist Logic
2. BLOCKRAM
3. ARITHMETIC
4. I/O
5. CLOCK
6. NOC Interfaces
7. AI Engines
8. ADVANCED
9. Primitives
10. Black Boxes
11. Instantiated Netlists

1. Netlist Logic
----------------

+----------------------------+------+-------+------------+-----------+-------+
|          Site Type         | Used | Fixed | Prohibited | Available | Util% |
+----------------------------+------+-------+------------+-----------+-------+
| Registers                  | 6978 |     0 |          0 |   1450000 |  0.48 |
|   Register as Flip Flop    | 6916 |     0 |          0 |   1450000 |  0.48 |
|   Register as Latch        |   62 |     0 |          0 |   1450000 | <0.01 |
| CLB LUTs*                  | 4714 |     0 |          0 |    725000 |  0.65 |
|   LUT as Logic             | 3383 |     0 |          0 |    725000 |  0.47 |
|   LUT as Memory            | 1331 |     0 |          0 |    449920 |  0.30 |
|     LUT as Distributed RAM |    0 |     0 |            |           |       |
|     LUT as Shift Register  | 1331 |     0 |            |           |       |
|       Variable Length      |    0 |     0 |            |           |       |
|       Fixed Length         |    0 |     0 |            |           |       |
| LOOKAHEAD8                 |    6 |     0 |          0 |    112480 | <0.01 |
+----------------------------+------+-------+------------+-----------+-------+
* Warning! The Final LUT count, after physical optimizations and full implementation, is typically lower. Run opt_design after synthesis, if not already completed, for a more realistic count.


2. BLOCKRAM
-----------

+--------------------------+------+-------+------------+-----------+-------+
|         Site Type        | Used | Fixed | Prohibited | Available | Util% |
+--------------------------+------+-------+------------+-----------+-------+
| Block RAM Tile           |    0 |     0 |          0 |       800 |  0.00 |
|   RAMB36E5               |    0 |     0 |          0 |       800 |  0.00 |
|   RAMB18E5*              |    0 |     0 |          0 |      1600 |  0.00 |
| Block RAM Imux registers |    0 |     0 |            |           |       |
|   Pipelining             |    0 |       |            |           |       |
| URAM                     |    0 |     0 |          0 |       325 |  0.00 |
| URAM Imux registers      |    0 |     0 |            |           |       |
|   Pipelining             |    0 |       |            |           |       |
+--------------------------+------+-------+------------+-----------+-------+
* Note: Each RAMB18 is counted as 0.5 Block RAM tiles


3. ARITHMETIC
-------------

+--------------------+------+-------+------------+-----------+-------+
|      Site Type     | Used | Fixed | Prohibited | Available | Util% |
+--------------------+------+-------+------------+-----------+-------+
| DSP Slices         |    0 |     0 |          0 |      1968 |  0.00 |
|   DSP58            |    0 |     0 |            |           |       |
|   DSPCPLX          |    0 |     0 |            |           |       |
|   DSPFP32          |    0 |     0 |            |           |       |
|   DSP48E5          |    0 |     0 |            |           |       |
| DSP Imux registers |    0 |     0 |            |           |       |
|   Pipelining       |    0 |       |            |           |       |
+--------------------+------+-------+------------+-----------+-------+


4. I/O
------

+------------------------------+------+-------+------------+-----------+-------+
|           Site Type          | Used | Fixed | Prohibited | Available | Util% |
+------------------------------+------+-------+------------+-----------+-------+
| Bonded IOB                   |   19 |     0 |          0 |       422 |  4.50 |
| IDELAY                       |    0 |     0 |            |           |       |
| ODELAY                       |    0 |     0 |            |           |       |
| Input Registers              |    0 |     0 |            |           |       |
|   IDDR                       |    0 |     0 |            |           |       |
|   Single Data Rate Registers |    0 |     0 |            |           |       |
| Output Registers             |    0 |     0 |            |           |       |
|   ODDR                       |    0 |     0 |            |           |       |
|   Single Data Rate Registers |    0 |     0 |            |           |       |
| Output Tristate Registers    |    0 |     0 |            |           |       |
|   ODDR                       |    0 |     0 |            |           |       |
|   Single Data Rate Registers |    0 |     0 |            |           |       |
+------------------------------+------+-------+------------+-----------+-------+


5. CLOCK
--------

+-----------------------+------+-------+------------+-----------+-------+
|       Site Type       | Used | Fixed | Prohibited | Available | Util% |
+-----------------------+------+-------+------------+-----------+-------+
| GLOBAL CLOCK BUFFERs  |    1 |     0 |          0 |       980 |  0.10 |
|   BUFG_GT/MBUFG_GT    |    0 |     0 |          0 |       168 |  0.00 |
|   BUFGCE/MBUFGCE      |    1 |     0 |          0 |       296 |  0.34 |
|   BUFGCTRL/MBUFGCTRL* |    0 |     0 |          0 |        80 |  0.00 |
|   BUFGCE_DIV          |    0 |     0 |          0 |        40 |  0.00 |
|   BUFG_FABRIC         |    0 |     0 |          0 |       384 |  0.00 |
|   BUFG_PS             |    0 |     0 |          0 |        12 |  0.00 |
|   MBUFGCE_DIV         |    0 |     0 |          0 |        40 |  0.00 |
|   MBUFG_PS            |    0 |     0 |          0 |        12 |  0.00 |
| BUFDIV_LEAF           |    0 |     0 |          0 |     16800 |  0.00 |
| DPLL                  |    0 |     0 |          0 |        23 |  0.00 |
|   DPLL (BUFGCE)       |    0 |     0 |          0 |        14 |  0.00 |
|   DPLL (BUFG_GT)      |    0 |     0 |          0 |        11 |  0.00 |
| XPLL                  |    0 |     0 |          0 |        24 |  0.00 |
| MMCM                  |    0 |     0 |          0 |        12 |  0.00 |
+-----------------------+------+-------+------------+-----------+-------+
* Note: Each used BUFGCTRL/MBUFGCTRL counts as two GLOBAL CLOCK BUFFERs. This table does not include global clocking resources, only buffer cell usage. See the Clock Utilization Report (report_clock_utilization) for detailed accounting of global clocking resource availability.


6. NOC Interfaces
-----------------

+---------------------------+------+-------+------------+-----------+-------+
|         Site Type         | Used | Fixed | Prohibited | Available | Util% |
+---------------------------+------+-------+------------+-----------+-------+
| PL NOC Master Unit        |    0 |     0 |          0 |        28 |  0.00 |
| PL NOC Slave Unit         |    0 |     0 |          0 |        28 |  0.00 |
| PS NOC Master Unit        |    0 |     0 |          0 |        10 |  0.00 |
| PS NOC Slave Unit         |    0 |     0 |          0 |         6 |  0.00 |
| AI Engine NOC Master Unit |    0 |     0 |          0 |        16 |  0.00 |
| AI Engine NOC Slave Unit  |    0 |     0 |          0 |        16 |  0.00 |
+---------------------------+------+-------+------------+-----------+-------+


7. AI Engines
-------------

+------------+------+-------+------------+-----------+-------+
|  Site Type | Used | Fixed | Prohibited | Available | Util% |
+------------+------+-------+------------+-----------+-------+
| AI Engines |    0 |     0 |          0 |       300 |  0.00 |
| PL Master  |    0 |     0 |          0 |       234 |  0.00 |
| PL Slave   |    0 |     0 |          0 |       312 |  0.00 |
| NOC Master |    0 |     0 |          0 |        16 |  0.00 |
| NOC Slave  |    0 |     0 |          0 |        16 |  0.00 |
+------------+------+-------+------------+-----------+-------+


8. ADVANCED
-----------

+--------------------+------+-------+------------+-----------+-------+
|      Site Type     | Used | Fixed | Prohibited | Available | Util% |
+--------------------+------+-------+------------+-----------+-------+
| CPM_EXT            |    0 |     0 |          0 |         1 |  0.00 |
| CPM_MAIN           |    0 |     0 |          0 |         1 |  0.00 |
| DDRMC              |    0 |     0 |          0 |         4 |  0.00 |
| DDRMC_RIU          |    0 |     0 |          0 |         4 |  0.00 |
| GTYE5_QUAD         |    0 |     0 |          0 |        11 |  0.00 |
| MRMAC              |    0 |     0 |          0 |         4 |  0.00 |
| NPI_NIR            |    0 |     0 |          0 |         1 |  0.00 |
| OBUFDS_GTE5        |    0 |     0 |          0 |        22 |  0.00 |
| OBUFDS_GTE5_ADV    |    0 |     0 |          0 |        22 |  0.00 |
| OBUFTDS_COMP       |    0 |     0 |          0 |       189 |  0.00 |
| PCIE40E5           |    0 |     0 |          0 |         4 |  0.00 |
| PS9                |    0 |     0 |          0 |         1 |  0.00 |
| XPIPE_QUAD         |    0 |     0 |          0 |         4 |  0.00 |
| BLI Registers      |    0 |     0 |          0 |     88264 |  0.00 |
| BLI Imux Registers |    0 |     0 |            |           |       |
|   Pipelining       |    0 |     0 |            |           |       |
+--------------------+------+-------+------------+-----------+-------+


9. Primitives
-------------

+------------+------+---------------------+
|  Ref Name  | Used | Functional Category |
+------------+------+---------------------+
| FDRE       | 6531 |            Register |
| LUT2       | 2694 |                 CLB |
| SRL16E     | 1217 |                 CLB |
| LUT6       | 1027 |                 CLB |
| FDCE       |  323 |            Register |
| LUT5       |  187 |                 CLB |
| SRLC32E    |  114 |                 CLB |
| LUT3       |   66 |                 CLB |
| LUT1       |   64 |                 CLB |
| LDCE       |   62 |            Register |
| FDPE       |   62 |            Register |
| LUTCY2     |   47 |                 CLB |
| LUTCY1     |   47 |                 CLB |
| OBUF       |   16 |                 I/O |
| LOOKAHEAD8 |    6 |                 CLB |
| LUT4       |    3 |                 CLB |
| IBUF       |    3 |                 I/O |
| BUFGCE     |    1 |               Clock |
+------------+------+---------------------+


10. Black Boxes
---------------

+----------+------+
| Ref Name | Used |
+----------+------+


11. Instantiated Netlists
-------------------------

+----------+------+
| Ref Name | Used |
+----------+------+


