INFO: [VRFC 10-2263] Analyzing Verilog file "C:/Users/33064/OneDrive/Desktop/prj/rtl/ber.v" into library xil_defaultlib
INFO: [VRFC 10-311] analyzing module ber
INFO: [VRFC 10-2263] Analyzing Verilog file "C:/Users/33064/OneDrive/Desktop/prj/rtl/decision.v" into library xil_defaultlib
INFO: [VRFC 10-311] analyzing module decision
INFO: [VRFC 10-2263] Analyzing Verilog file "C:/Users/33064/OneDrive/Desktop/prj/rtl/des/delay_line.v" into library xil_defaultlib
INFO: [VRFC 10-311] analyzing module delay_line
INFO: [VRFC 10-2263] Analyzing Verilog file "C:/Users/33064/OneDrive/Desktop/prj/rtl/des/des.v" into library xil_defaultlib
INFO: [VRFC 10-311] analyzing module des
INFO: [VRFC 10-2263] Analyzing Verilog file "C:/Users/33064/OneDrive/Desktop/prj/rtl/des/des_E.v" into library xil_defaultlib
INFO: [VRFC 10-311] analyzing module des_E
INFO: [VRFC 10-2263] Analyzing Verilog file "C:/Users/33064/OneDrive/Desktop/prj/rtl/des/des_IP.v" into library xil_defaultlib
INFO: [VRFC 10-311] analyzing module des_IP
INFO: [VRFC 10-2263] Analyzing Verilog file "C:/Users/33064/OneDrive/Desktop/prj/rtl/des/des_IP1.v" into library xil_defaultlib
INFO: [VRFC 10-311] analyzing module des_IP1
INFO: [VRFC 10-2263] Analyzing Verilog file "C:/Users/33064/OneDrive/Desktop/prj/rtl/des/des_P.v" into library xil_defaultlib
INFO: [VRFC 10-311] analyzing module des_P
INFO: [VRFC 10-2263] Analyzing Verilog file "C:/Users/33064/OneDrive/Desktop/prj/rtl/des/des_PC1.v" into library xil_defaultlib
INFO: [VRFC 10-311] analyzing module des_PC1
INFO: [VRFC 10-2263] Analyzing Verilog file "C:/Users/33064/OneDrive/Desktop/prj/rtl/des/des_PC2.v" into library xil_defaultlib
INFO: [VRFC 10-311] analyzing module des_PC2
INFO: [VRFC 10-2263] Analyzing Verilog file "C:/Users/33064/OneDrive/Desktop/prj/rtl/des/des_S.v" into library xil_defaultlib
INFO: [VRFC 10-311] analyzing module des_S
INFO: [VRFC 10-2263] Analyzing Verilog file "C:/Users/33064/OneDrive/Desktop/prj/rtl/des/des_feistel.v" into library xil_defaultlib
INFO: [VRFC 10-311] analyzing module des_feistel
INFO: [VRFC 10-2263] Analyzing Verilog file "C:/Users/33064/OneDrive/Desktop/prj/rtl/des/des_key_schedule.v" into library xil_defaultlib
INFO: [VRFC 10-311] analyzing module des_key_schedule
INFO: [VRFC 10-2263] Analyzing Verilog file "C:/Users/33064/OneDrive/Desktop/prj/rtl/des/des_round.v" into library xil_defaultlib
INFO: [VRFC 10-311] analyzing module des_round
INFO: [VRFC 10-2263] Analyzing Verilog file "C:/Users/33064/OneDrive/Desktop/prj/rtl/interpolation.v" into library xil_defaultlib
INFO: [VRFC 10-311] analyzing module interpolation
INFO: [VRFC 10-2263] Analyzing Verilog file "C:/Users/33064/OneDrive/Desktop/prj/rtl/interpolation_unit.v" into library xil_defaultlib
INFO: [VRFC 10-311] analyzing module interpolation_unit_1
INFO: [VRFC 10-311] analyzing module interpolation_unit_2
INFO: [VRFC 10-311] analyzing module interpolation_unit_3
INFO: [VRFC 10-311] analyzing module interpolation_unit_4
INFO: [VRFC 10-2263] Analyzing Verilog file "C:/Users/33064/OneDrive/Desktop/prj/rtl/rc_filter.v" into library xil_defaultlib
INFO: [VRFC 10-311] analyzing module rc_filter
INFO: [VRFC 10-2263] Analyzing Verilog file "C:/Users/33064/OneDrive/Desktop/prj/rtl/rom.v" into library xil_defaultlib
INFO: [VRFC 10-311] analyzing module rom
INFO: [VRFC 10-2263] Analyzing Verilog file "C:/Users/33064/OneDrive/Desktop/prj/rtl/rx.v" into library xil_defaultlib
INFO: [VRFC 10-311] analyzing module rx
INFO: [VRFC 10-2263] Analyzing Verilog file "C:/Users/33064/OneDrive/Desktop/prj/rtl/top.v" into library xil_defaultlib
INFO: [VRFC 10-311] analyzing module top
INFO: [VRFC 10-2263] Analyzing Verilog file "C:/Users/33064/OneDrive/Desktop/prj/rtl/tx.v" into library xil_defaultlib
INFO: [VRFC 10-311] analyzing module tx
INFO: [VRFC 10-2263] Analyzing Verilog file "C:/Users/33064/OneDrive/Desktop/prj/sim/test_tb.v" into library xil_defaultlib
INFO: [VRFC 10-311] analyzing module test_tb
INFO: [VRFC 10-2263] Analyzing Verilog file "C:/Users/33064/OneDrive/Desktop/prj/project_1/project_1.sim/sim_1/behav/xsim/glbl.v" into library xil_defaultlib
INFO: [VRFC 10-311] analyzing module glbl
