Vivado Simulator v2021.1
Copyright 1986-1999, 2001-2021 Xilinx, Inc. All Rights Reserved.
Running: C:/Xilinx/Vivado/2021.1/bin/unwrapped/win64.o/xelab.exe -wto fccbd808709744d8b77e71ee7ce93895 --incr --debug typical --relax --mt 2 -L xil_defaultlib -L unisims_ver -L unimacro_ver -L unisims_ver -L secureip --snapshot test_tb_behav xil_defaultlib.test_tb xil_defaultlib.glbl -log elaborate.log 
Using 2 slave threads.
Starting static elaboration
Pass Through NonSizing Optimizer
WARNING: [VRFC 10-3091] actual bit length 32 differs from formal bit length 1 for port 'decrypt' [C:/Users/33064/OneDrive/Desktop/prj/rtl/tx.v:62]
WARNING: [VRFC 10-3091] actual bit length 32 differs from formal bit length 1 for port 'decrypt' [C:/Users/33064/OneDrive/Desktop/prj/rtl/rx.v:63]
Completed static elaboration
Starting simulation data flow analysis
Completed simulation data flow analysis
Time Resolution for simulation is 1ps
Compiling module xil_defaultlib.rom_default
Compiling module xil_defaultlib.des_PC1
Compiling module xil_defaultlib.des_PC2
Compiling module xil_defaultlib.des_key_schedule
Compiling module xil_defaultlib.delay_line(WIDTH=48,DEPTH=2)
Compiling module xil_defaultlib.delay_line(WIDTH=48)
Compiling module xil_defaultlib.delay_line(WIDTH=48,DEPTH=6)
Compiling module xil_defaultlib.delay_line(WIDTH=48,DEPTH=8)
Compiling module xil_defaultlib.delay_line(WIDTH=48,DEPTH=10)
Compiling module xil_defaultlib.delay_line(WIDTH=48,DEPTH=12)
Compiling module xil_defaultlib.delay_line(WIDTH=48,DEPTH=14)
Compiling module xil_defaultlib.delay_line(WIDTH=48,DEPTH=16)
Compiling module xil_defaultlib.delay_line(WIDTH=48,DEPTH=18)
Compiling module xil_defaultlib.delay_line(WIDTH=48,DEPTH=20)
Compiling module xil_defaultlib.delay_line(WIDTH=48,DEPTH=22)
Compiling module xil_defaultlib.delay_line(WIDTH=48,DEPTH=24)
Compiling module xil_defaultlib.delay_line(WIDTH=48,DEPTH=26)
Compiling module xil_defaultlib.delay_line(WIDTH=48,DEPTH=28)
Compiling module xil_defaultlib.delay_line(WIDTH=48,DEPTH=30)
Compiling module xil_defaultlib.delay_line(WIDTH=1,DEPTH=34)
Compiling module xil_defaultlib.des_IP
Compiling module xil_defaultlib.des_E
Compiling module xil_defaultlib.des_S
Compiling module xil_defaultlib.des_S(SBOX_ID=1)
Compiling module xil_defaultlib.des_S(SBOX_ID=2)
Compiling module xil_defaultlib.des_S(SBOX_ID=3)
Compiling module xil_defaultlib.des_S(SBOX_ID=4)
Compiling module xil_defaultlib.des_S(SBOX_ID=5)
Compiling module xil_defaultlib.des_S(SBOX_ID=6)
Compiling module xil_defaultlib.des_S(SBOX_ID=7)
Compiling module xil_defaultlib.des_P
Compiling module xil_defaultlib.des_feistel_default
Compiling module xil_defaultlib.des_round
Compiling module xil_defaultlib.des_IP1
Compiling module xil_defaultlib.des_default
Compiling module xil_defaultlib.interpolation_unit_1
Compiling module xil_defaultlib.interpolation_unit_2
Compiling module xil_defaultlib.interpolation_unit_3
Compiling module xil_defaultlib.interpolation_unit_4
Compiling module xil_defaultlib.interpolation
Compiling module xil_defaultlib.rc_filter_default
Compiling module xil_defaultlib.tx
Compiling module xil_defaultlib.decision
Compiling module xil_defaultlib.ber_default
Compiling module xil_defaultlib.rx
Compiling module xil_defaultlib.top
Compiling module xil_defaultlib.test_tb
Compiling module xil_defaultlib.glbl
Built simulation snapshot test_tb_behav
