#-----------------------------------------------------------
# Vivado v2021.1 (64-bit)
# SW Build 3247384 on Thu Jun 10 19:36:33 MDT 2021
# IP Build 3246043 on Fri Jun 11 00:30:35 MDT 2021
# Start of session at: Mon Aug  3 17:00:14 2026
# Process ID: 20884
# Current directory: C:/Users/33064/OneDrive/Desktop/prj-main/project_1
# Command line: vivado.exe -gui_launcher_event rodinguilauncherevent22112 C:\Users\33064\OneDrive\Desktop\prj-main\project_1\project_1.xpr
# Log file: C:/Users/33064/OneDrive/Desktop/prj-main/project_1/vivado.log
# Journal file: C:/Users/33064/OneDrive/Desktop/prj-main/project_1\vivado.jou
#-----------------------------------------------------------
start_gui
open_project C:/Users/33064/OneDrive/Desktop/prj-main/project_1/project_1.xpr
INFO: [Project 1-313] Project file moved from 'C:/Users/33064/OneDrive/Desktop/prj/project_1' since last save.
WARNING: [filemgmt 56-2] Default IP Output Path : Could not find the directory 'C:/Users/33064/OneDrive/Desktop/prj-main/project_1/project_1.gen/sources_1', nor could it be found using path 'C:/Users/33064/OneDrive/Desktop/prj/project_1/project_1.gen/sources_1'.
Scanning sources...
Finished scanning sources
INFO: [IP_Flow 19-234] Refreshing IP repositories
INFO: [IP_Flow 19-1704] No user IP repositories specified
INFO: [IP_Flow 19-2313] Loaded Vivado IP repository 'C:/Xilinx/Vivado/2021.1/data/ip'.
open_project: Time (s): cpu = 00:00:41 ; elapsed = 00:00:16 . Memory (MB): peak = 1223.641 ; gain = 0.000
update_compile_order -fileset sources_1
exit
