#-----------------------------------------------------------
# Vivado v2021.1 (64-bit)
# SW Build 3247384 on Thu Jun 10 19:36:33 MDT 2021
# IP Build 3246043 on Fri Jun 11 00:30:35 MDT 2021
# Start of session at: Fri Aug  7 15:58:49 2026
# Process ID: 10388
# Current directory: C:/Users/33064/OneDrive/Desktop/prj-main-2/project_1
# Command line: vivado.exe -gui_launcher_event rodinguilauncherevent10184 C:\Users\33064\OneDrive\Desktop\prj-main-2\project_1\project_1.xpr
# Log file: C:/Users/33064/OneDrive/Desktop/prj-main-2/project_1/vivado.log
# Journal file: C:/Users/33064/OneDrive/Desktop/prj-main-2/project_1\vivado.jou
#-----------------------------------------------------------
start_gui
open_project C:/Users/33064/OneDrive/Desktop/prj-main-2/project_1/project_1.xpr
WARNING: [filemgmt 56-3] Default IP Output Path : Could not find the directory 'C:/Users/33064/OneDrive/Desktop/prj-main-2/project_1/project_1.gen/sources_1'.
Scanning sources...
Finished scanning sources
INFO: [IP_Flow 19-234] Refreshing IP repositories
INFO: [IP_Flow 19-1704] No user IP repositories specified
INFO: [IP_Flow 19-2313] Loaded Vivado IP repository 'C:/Xilinx/Vivado/2021.1/data/ip'.
open_project: Time (s): cpu = 00:00:34 ; elapsed = 00:00:16 . Memory (MB): peak = 1222.758 ; gain = 0.000
update_compile_order -fileset sources_1
close [ open C:/Users/33064/OneDrive/Desktop/prj-main-2/rtl/conv.v w ]
add_files C:/Users/33064/OneDrive/Desktop/prj-main-2/rtl/conv.v
update_compile_order -fileset sources_1
export_ip_user_files -of_objects  [get_files C:/Users/33064/OneDrive/Desktop/prj-main-2/rtl/equalizer.v] -no_script -reset -force -quiet
remove_files  C:/Users/33064/OneDrive/Desktop/prj-main-2/rtl/equalizer.v
close [ open C:/Users/33064/OneDrive/Desktop/prj-main-2/rtl/equalizer.v w ]
add_files C:/Users/33064/OneDrive/Desktop/prj-main-2/rtl/equalizer.v
update_compile_order -fileset sources_1
export_ip_user_files -of_objects  [get_files C:/Users/33064/OneDrive/Desktop/prj-main-2/rtl/equalizer.v] -no_script -reset -force -quiet
remove_files  C:/Users/33064/OneDrive/Desktop/prj-main-2/rtl/equalizer.v
close [ open C:/Users/33064/OneDrive/Desktop/prj-main-2/rtl/equalizer.v w ]
add_files C:/Users/33064/OneDrive/Desktop/prj-main-2/rtl/equalizer.v
update_compile_order -fileset sources_1
reset_run synth_1
WARNING: [Vivado 12-1017] Problems encountered:
1. Failed to delete one or more files in run directory C:/Users/33064/OneDrive/Desktop/prj-main-2/project_1/project_1.runs/synth_1

launch_runs synth_1 -jobs 4
[Fri Aug  7 17:54:49 2026] Launched synth_1...
Run output will be captured here: C:/Users/33064/OneDrive/Desktop/prj-main-2/project_1/project_1.runs/synth_1/runme.log
