#-----------------------------------------------------------
# Vivado v2021.1 (64-bit)
# SW Build 3247384 on Thu Jun 10 19:36:33 MDT 2021
# IP Build 3246043 on Fri Jun 11 00:30:35 MDT 2021
# Start of session at: Fri Aug  7 15:34:07 2026
# Process ID: 1772
# Current directory: C:/Users/33064/OneDrive/Desktop/prj-main-2/project_1
# Command line: vivado.exe -gui_launcher_event rodinguilauncherevent11164 C:\Users\33064\OneDrive\Desktop\prj-main-2\project_1\project_1.xpr
# Log file: C:/Users/33064/OneDrive/Desktop/prj-main-2/project_1/vivado.log
# Journal file: C:/Users/33064/OneDrive/Desktop/prj-main-2/project_1\vivado.jou
#-----------------------------------------------------------
start_gui
open_project C:/Users/33064/OneDrive/Desktop/prj-main-2/project_1/project_1.xpr
WARNING: [filemgmt 56-3] Default IP Output Path : Could not find the directory 'C:/Users/33064/OneDrive/Desktop/prj-main-2/project_1/project_1.gen/sources_1'.
Scanning sources...
Finished scanning sources
INFO: [IP_Flow 19-234] Refreshing IP repositories
INFO: [IP_Flow 19-1704] No user IP repositories specified
INFO: [IP_Flow 19-2313] Loaded Vivado IP repository 'C:/Xilinx/Vivado/2021.1/data/ip'.
open_project: Time (s): cpu = 00:00:37 ; elapsed = 00:00:18 . Memory (MB): peak = 1223.812 ; gain = 0.000
update_compile_order -fileset sources_1
close [ open C:/Users/33064/OneDrive/Desktop/prj-main-2/rtl/equalizer.v w ]
add_files C:/Users/33064/OneDrive/Desktop/prj-main-2/rtl/equalizer.v
