logic__57: rx__GC0, 
muxpart__1: des__GBM1, des__GBM0, 
logic__89: rx__GC0, 
case__81: rx__GC0, 
case__39: tx__GC0, 
reg__292: des__GBM0, 
des_S__parameterized5: des__GBM1, des__GBM0, 
reg__185: des__GBM0, 
reg__284: des__GBM0, 
reg__6: des__GBM0, 
case__67: rx__GC0, 
datapath__2: tx__GC0, 
reg__273: des__GBM0, 
reg__323: tx__GC0, 
case__76: rx__GC0, 
delay_line__parameterized1: des__GBM0, 
reg__210: des__GBM0, 
des_feistel: des__GBM1, des__GBM0, 
reg__55: des__GBM0, 
reg__324: tx__GC0, 
case__3: des__GBM0, 
reg__353: rx__GC0, 
reg__214: des__GBM0, 
reg__85: des__GBM0, 
reg__297: des__GBM0, 
reg__228: des__GBM0, 
des_PC1: des__GBM0, 
reg__108: des__GBM0, 
case__36: tx__GC0, 
delay_line__parameterized11: des__GBM0, 
muxpart__6: des__GBM1, des__GBM0, 
reg__161: des__GBM0, 
reg__82: des__GBM0, 
logic__56: rx__GC0, 
tx__GC0: tx__GC0, 
reg__118: des__GBM0, 
logic__106: rx__GC0, 
case__60: rx__GC0, 
reg__75: des__GBM0, 
reg__100: des__GBM0, 
muxpart__20: des__GBM1, des__GBM0, 
reg__166: des__GBM0, 
reg__230: des__GBM0, 
delay_line__parameterized9: des__GBM0, 
reg__251: des__GBM1, des__GBM0, 
case__68: rx__GC0, 
reg__105: des__GBM0, 
logic__78: rx__GC0, 
reg__150: des__GBM0, 
des__GBM1: des__GBM1, 
reg__8: des__GBM0, 
reg__202: des__GBM0, 
reg__143: des__GBM0, 
logic__39: rx__GC0, 
reg__325: tx__GC0, 
reg__304: des__GBM0, 
delay_line__parameterized3: des__GBM0, 
logic__87: rx__GC0, 
case__25: tx__GC0, 
case__42: tx__GC0, 
logic__61: rx__GC0, 
logic__32: rx__GC0, 
delay_line__parameterized14: des__GBM0, 
case__46: tx__GC0, 
logic__62: rx__GC0, 
reg__186: des__GBM0, 
reg__174: des__GBM0, 
case__75: rx__GC0, 
reg__78: des__GBM0, 
case__57: rx__GC0, 
reg__88: des__GBM0, 
reg__58: des__GBM0, 
case__77: rx__GC0, 
reg__279: des__GBM0, 
reg__147: des__GBM0, 
logic__70: rx__GC0, 
reg__115: des__GBM0, 
case__73: rx__GC0, 
reg__142: des__GBM0, 
reg__226: des__GBM0, 
muxpart__11: des__GBM1, des__GBM0, 
muxpart__7: des__GBM1, des__GBM0, 
case__74: rx__GC0, 
reg__204: des__GBM0, 
reg__124: des__GBM0, 
reg__218: des__GBM0, 
interpolation: tx__GC0, 
reg__321: tx__GC0, 
reg__160: des__GBM0, 
case__27: tx__GC0, 
logic__54: rx__GC0, 
reg__179: des__GBM0, 
logic__66: rx__GC0, 
reg__72: des__GBM0, 
case__14: des__GBM0, 
reg__291: des__GBM0, 
reg__65: des__GBM0, 
reg__201: des__GBM0, 
reg__281: des__GBM0, 
reg__237: des__GBM0, 
reg__14: des__GBM0, 
muxpart__17: des__GBM1, des__GBM0, 
muxpart__29: des__GBM1, des__GBM0, 
logic__22: tx__GC0, 
case__12: des__GBM0, 
case__38: tx__GC0, 
logic__167: rx__GC0, 
case__13: des__GBM0, 
reg__327: tx__GC0, 
logic__79: rx__GC0, 
logic__92: rx__GC0, 
reg__16: des__GBM0, 
logic__6: des__GBM1, des__GBM0, 
reg__110: des__GBM0, 
case__15: des__GBM0, 
reg__198: des__GBM0, 
reg__267: des__GBM0, 
reg__207: des__GBM0, 
reg__349: tx__GC0, 
reg__13: des__GBM0, 
case__19: tx__GC0, 
reg__102: des__GBM0, 
reg__71: des__GBM0, 
case__69: rx__GC0, 
logic__23: rx__GC0, 
reg__357: rx__GC0, 
reg__87: des__GBM0, 
reg__109: des__GBM0, 
logic__17: des__GBM1, des__GBM0, 
case__64: rx__GC0, 
reg__307: des__GBM0, 
case__72: rx__GC0, 
datapath__5: rx__GC0, 
case__51: rx__GC0, 
case__2: des__GBM0, 
logic__31: rx__GC0, 
reg__38: des__GBM0, 
muxpart__27: des__GBM1, des__GBM0, 
case__4: des__GBM0, 
reg__224: des__GBM0, 
reg__303: des__GBM0, 
reg__70: des__GBM0, 
reg__155: des__GBM0, 
reg__138: des__GBM0, 
logic__206: rx__GC0, 
reg: rx__GC0, tx__GC0, 
reg__289: des__GBM0, 
case__44: tx__GC0, 
reg__12: des__GBM0, 
des_round: des__GBM1, des__GBM0, 
reg__262: des__GBM0, 
logic__38: rx__GC0, 
muxpart__22: des__GBM1, des__GBM0, 
case__11: des__GBM0, 
reg__221: des__GBM0, 
logic__208: rx__GC0, 
reg__169: des__GBM0, 
reg__107: des__GBM0, 
delay_line__parameterized7: des__GBM0, 
logic__47: rx__GC0, 
reg__46: des__GBM0, 
reg__196: des__GBM0, 
reg__134: des__GBM0, 
reg__35: des__GBM0, 
reg__89: des__GBM0, 
reg__286: des__GBM0, 
delay_line__parameterized2: des__GBM0, 
reg__227: des__GBM0, 
reg__121: des__GBM0, 
reg__269: des__GBM0, 
des_IP1: des__GBM1, 
reg__253: des__GBM1, des__GBM0, 
reg__119: des__GBM0, 
reg__193: des__GBM0, 
case__70: rx__GC0, 
reg__211: des__GBM0, 
logic__164: rx__GC0, 
reg__29: des__GBM0, 
reg__283: des__GBM0, 
reg__334: tx__GC0, 
logic__41: rx__GC0, 
reg__212: des__GBM0, 
reg__271: des__GBM0, 
reg__101: des__GBM0, 
muxpart: des__GBM1, des__GBM0, 
case__18: tx__GC0, 
reg__336: tx__GC0, 
case__55: rx__GC0, 
reg__44: des__GBM0, 
reg__205: des__GBM0, 
reg__216: des__GBM0, 
reg__248: des__GBM1, des__GBM0, 
reg__306: des__GBM0, 
logic__107: rx__GC0, 
logic__67: rx__GC0, 
logic__52: rx__GC0, 
reg__317: tx__GC0, 
pla__1: tx__GC0, 
logic__40: rx__GC0, 
case__65: rx__GC0, 
logic__101: rx__GC0, 
reg__178: des__GBM0, 
case__52: rx__GC0, 
reg__74: des__GBM0, 
case__37: tx__GC0, 
reg__182: des__GBM0, 
reg__264: des__GBM0, 
logic__59: rx__GC0, 
reg__25: des__GBM0, 
muxpart__19: des__GBM1, des__GBM0, 
muxpart__25: des__GBM1, des__GBM0, 
reg__315: tx__GC0, 
logic__93: rx__GC0, 
reg__98: des__GBM0, 
reg__27: des__GBM0, 
reg__189: des__GBM0, 
reg__130: des__GBM0, 
reg__116: des__GBM0, 
reg__135: des__GBM0, 
logic__80: rx__GC0, 
reg__260: des__GBM0, 
reg__99: des__GBM0, 
muxpart__23: des__GBM1, des__GBM0, 
case__58: rx__GC0, 
logic__207: rx__GC0, 
reg__163: des__GBM0, 
reg__208: des__GBM0, 
reg__244: des__GBM1, des__GBM0, 
logic__74: rx__GC0, 
reg__145: des__GBM0, 
reg__354: rx__GC0, 
case__5: des__GBM0, 
muxpart__3: des__GBM1, des__GBM0, 
case__26: tx__GC0, 
reg__31: des__GBM0, 
delay_line__parameterized13: des__GBM0, 
reg__313: tx__GC0, 
reg__344: tx__GC0, 
logic__205: rx__GC0, 
reg__276: des__GBM0, 
reg__59: des__GBM0, 
reg__17: des__GBM0, 
reg__93: des__GBM0, 
logic__10: des__GBM1, des__GBM0, 
pla__5: tx__GC0, 
reg__322: tx__GC0, 
reg__37: des__GBM0, 
reg__168: des__GBM0, 
reg__62: des__GBM0, 
reg__309: des__GBM0, 
case__21: tx__GC0, 
logic__42: rx__GC0, 
muxpart__26: des__GBM1, des__GBM0, 
pla__4: tx__GC0, 
case__49: tx__GC0, 
logic__27: rx__GC0, 
reg__141: des__GBM0, 
muxpart__10: des__GBM1, des__GBM0, 
case__50: rx__GC0, 
reg__106: des__GBM0, 
des_PC2: des__GBM0, 
reg__183: des__GBM0, 
reg__54: des__GBM0, 
reg__235: des__GBM0, 
pla__2: tx__GC0, 
reg__229: des__GBM0, 
reg__259: des__GBM0, 
logic__63: rx__GC0, 
logic__34: rx__GC0, 
delay_line: des__GBM0, 
reg__333: tx__GC0, 
logic__81: rx__GC0, 
reg__77: des__GBM0, 
case__28: tx__GC0, 
logic__4: des__GBM1, des__GBM0, 
muxpart__5: des__GBM1, des__GBM0, 
reg__148: des__GBM0, 
reg__192: des__GBM0, 
reg__298: des__GBM1, 
reg__236: des__GBM0, 
reg__261: des__GBM0, 
reg__246: des__GBM1, des__GBM0, 
reg__220: des__GBM0, 
case__6: des__GBM0, 
reg__302: des__GBM0, 
muxpart__28: des__GBM1, des__GBM0, 
reg__2: des__GBM0, 
reg__66: des__GBM0, 
reg__247: des__GBM1, des__GBM0, 
reg__231: des__GBM0, 
logic__45: rx__GC0, 
reg__219: des__GBM0, 
reg__285: des__GBM0, 
reg__151: des__GBM0, 
case__53: rx__GC0, 
reg__331: tx__GC0, 
reg__175: des__GBM0, 
reg__275: des__GBM0, 
reg__18: des__GBM0, 
reg__159: des__GBM0, 
reg__137: des__GBM0, 
logic__64: rx__GC0, 
reg__149: des__GBM0, 
reg__76: des__GBM0, 
reg__61: des__GBM0, 
pla__3: tx__GC0, 
reg__243: des__GBM1, des__GBM0, 
reg__171: des__GBM0, 
reg__30: des__GBM0, 
delay_line__parameterized8: des__GBM0, 
datapath: rx__GC0, tx__GC0, 
reg__181: des__GBM0, 
reg__10: des__GBM0, 
interpolation_unit_2: tx__GC0, 
reg__40: des__GBM0, 
reg__338: tx__GC0, 
reg__114: des__GBM0, 
reg__312: des__GBM0, 
reg__146: des__GBM0, 
reg__347: tx__GC0, 
logic__102: rx__GC0, 
case__33: tx__GC0, 
reg__111: des__GBM0, 
reg__83: des__GBM0, 
reg__19: des__GBM0, 
logic__49: rx__GC0, 
reg__20: des__GBM0, 
reg__268: des__GBM0, 
logic__96: rx__GC0, 
reg__104: des__GBM0, 
reg__164: des__GBM0, 
logic__108: rx__GC0, 
reg__127: des__GBM0, 
case__56: rx__GC0, 
reg__90: des__GBM0, 
pla__6: tx__GC0, 
logic__26: rx__GC0, 
logic__166: rx__GC0, 
pla__7: tx__GC0, 
reg__39: des__GBM0, 
reg__153: des__GBM0, 
reg__280: des__GBM0, 
interpolation_unit_4: tx__GC0, 
logic__104: rx__GC0, 
case__17: tx__GC0, 
muxpart__4: des__GBM1, des__GBM0, 
reg__33: des__GBM0, 
logic__168: rx__GC0, 
delay_line__parameterized6: des__GBM0, 
reg__256: des__GBM1, des__GBM0, 
case__61: rx__GC0, 
reg__112: des__GBM0, 
logic__51: rx__GC0, 
reg__320: tx__GC0, 
reg__245: des__GBM1, des__GBM0, 
reg__84: des__GBM0, 
reg__301: des__GBM1, 
pla: tx__GC0, 
reg__209: des__GBM0, 
logic__82: rx__GC0, 
reg__294: des__GBM1, 
datapath__6: rx__GC0, 
reg__350: tx__GC0, 
logic__21: tx__GC0, 
reg__57: des__GBM0, 
reg__233: des__GBM0, 
reg__103: des__GBM0, 
reg__48: des__GBM0, 
logic__58: rx__GC0, 
reg__342: tx__GC0, 
logic__28: rx__GC0, 
reg__91: des__GBM0, 
reg__340: tx__GC0, 
logic__60: rx__GC0, 
reg__21: des__GBM0, 
logic__12: des__GBM1, des__GBM0, 
reg__195: des__GBM0, 
case__31: tx__GC0, 
reg__165: des__GBM0, 
reg__158: des__GBM0, 
logic__97: rx__GC0, 
logic__50: rx__GC0, 
reg__1: des__GBM0, 
reg__144: des__GBM0, 
logic__68: rx__GC0, 
reg__254: des__GBM1, des__GBM0, 
des__GBM0: des__GBM0, 
logic__100: rx__GC0, 
logic__90: rx__GC0, 
reg__206: des__GBM0, 
logic__88: rx__GC0, 
reg__296: des__GBM1, 
reg__274: des__GBM0, 
reg__257: des__GBM1, des__GBM0, 
case__54: rx__GC0, 
logic__65: rx__GC0, 
reg__92: des__GBM0, 
reg__139: des__GBM0, 
reg__287: des__GBM0, 
reg__299: des__GBM0, 
case__62: rx__GC0, 
logic__16: des__GBM1, des__GBM0, 
case__63: rx__GC0, 
reg__28: des__GBM0, 
reg__213: des__GBM0, 
logic__86: rx__GC0, 
reg__73: des__GBM0, 
case__8: des__GBM0, 
reg__56: des__GBM0, 
reg__43: des__GBM0, 
logic__43: rx__GC0, 
reg__53: des__GBM0, 
reg__34: des__GBM0, 
case__66: rx__GC0, 
reg__351: tx__GC0, 
reg__97: des__GBM0, 
reg__177: des__GBM0, 
des_S__parameterized0: des__GBM1, des__GBM0, 
reg__41: des__GBM0, 
case__30: tx__GC0, 
reg__217: des__GBM0, 
reg__266: des__GBM0, 
logic__94: rx__GC0, 
case__80: rx__GC0, 
logic__95: rx__GC0, 
case__47: tx__GC0, 
reg__318: tx__GC0, 
reg__223: des__GBM0, 
counter: rx__GC0, 
reg__238: des__GBM0, 
reg__23: des__GBM0, 
reg__51: des__GBM0, 
reg__234: des__GBM0, 
ber: rx__GC0, 
reg__154: des__GBM0, 
reg__329: tx__GC0, 
logic__85: rx__GC0, 
reg__9: des__GBM0, 
reg__24: des__GBM0, 
muxpart__16: des__GBM1, des__GBM0, 
case__1: des__GBM0, 
logic__46: rx__GC0, 
reg__295: des__GBM1, 
reg__305: des__GBM0, 
reg__240: des__GBM0, 
reg__80: des__GBM0, 
reg__152: des__GBM0, 
reg__339: tx__GC0, 
reg__123: des__GBM0, 
reg__22: des__GBM0, 
reg__225: des__GBM0, 
reg__156: des__GBM0, 
case__34: tx__GC0, 
reg__122: des__GBM0, 
reg__332: tx__GC0, 
logic__35: rx__GC0, 
reg__52: des__GBM0, 
reg__26: des__GBM0, 
reg__239: des__GBM0, 
reg__277: des__GBM0, 
logic__69: rx__GC0, 
reg__337: tx__GC0, 
muxpart__9: des__GBM1, des__GBM0, 
logic__37: rx__GC0, 
reg__356: rx__GC0, 
reg__278: des__GBM0, 
reg__68: des__GBM0, 
reg__129: des__GBM0, 
logic__99: rx__GC0, 
logic__14: des__GBM1, des__GBM0, 
logic__75: rx__GC0, 
reg__140: des__GBM0, 
rx__GC0: rx__GC0, 
muxpart__18: des__GBM1, des__GBM0, 
reg__7: des__GBM0, 
reg__352: rx__GC0, 
reg__60: des__GBM0, 
reg__265: des__GBM0, 
logic__73: rx__GC0, 
logic__33: rx__GC0, 
logic__44: rx__GC0, 
reg__167: des__GBM0, 
case: rx__GC0, tx__GC0, 
rom__1: rx__GC0, tx__GC0, 
case__23: tx__GC0, 
reg__345: tx__GC0, 
case__7: des__GBM0, 
reg__346: tx__GC0, 
des_E: des__GBM1, des__GBM0, 
muxpart__14: des__GBM1, des__GBM0, 
reg__79: des__GBM0, 
case__32: tx__GC0, 
reg__319: tx__GC0, 
des_S__parameterized2: des__GBM1, des__GBM0, 
reg__176: des__GBM0, 
logic__30: rx__GC0, 
reg__96: des__GBM0, 
reg__49: des__GBM0, 
des_S: des__GBM1, des__GBM0, 
logic__91: rx__GC0, 
rc_filter: tx__GC0, 
reg__3: des__GBM0, 
muxpart__31: des__GBM1, des__GBM0, 
reg__69: des__GBM0, 
case__35: tx__GC0, 
reg__188: des__GBM0, 
case__16: des__GBM0, 
muxpart__15: des__GBM1, des__GBM0, 
reg__203: des__GBM0, 
logic__98: rx__GC0, 
rom: rx__GC0, tx__GC0, 
reg__330: tx__GC0, 
datapath__3: tx__GC0, 
case__45: tx__GC0, 
logic__76: rx__GC0, 
muxpart__24: des__GBM1, des__GBM0, 
reg__343: tx__GC0, 
interpolation_unit_1: tx__GC0, 
reg__132: des__GBM0, 
reg__64: des__GBM0, 
des_P: des__GBM1, des__GBM0, 
reg__335: tx__GC0, 
reg__250: des__GBM1, des__GBM0, 
datapath__7: rx__GC0, 
reg__328: tx__GC0, 
case__78: rx__GC0, 
case__10: des__GBM0, 
reg__86: des__GBM0, 
reg__194: des__GBM0, 
des_key_schedule: des__GBM0, 
case__40: tx__GC0, 
rom__2: rx__GC0, 
interpolation_unit_3: tx__GC0, 
reg__42: des__GBM0, 
logic__169: rx__GC0, 
reg__326: tx__GC0, 
reg__310: des__GBM0, 
reg__232: des__GBM0, 
des_IP: des__GBM0, 
case__59: rx__GC0, 
case__22: tx__GC0, 
reg__184: des__GBM0, 
reg__113: des__GBM0, 
reg__5: des__GBM0, 
delay_line__parameterized4: des__GBM0, 
reg__180: des__GBM0, 
logic__48: rx__GC0, 
logic__53: rx__GC0, 
datapath__4: tx__GC0, 
delay_line__parameterized12: des__GBM0, 
reg__170: des__GBM0, 
case__48: tx__GC0, 
case__71: rx__GC0, 
logic__71: rx__GC0, 
reg__125: des__GBM0, 
reg__252: des__GBM1, des__GBM0, 
case__24: tx__GC0, 
reg__249: des__GBM1, des__GBM0, 
reg__32: des__GBM0, 
case__41: tx__GC0, 
reg__272: des__GBM0, 
logic__165: rx__GC0, 
des_S__parameterized1: des__GBM1, des__GBM0, 
reg__300: des__GBM1, 
reg__45: des__GBM0, 
logic__29: rx__GC0, 
reg__282: des__GBM0, 
des_S__parameterized3: des__GBM1, des__GBM0, 
muxpart__30: des__GBM1, des__GBM0, 
reg__95: des__GBM0, 
muxpart__12: des__GBM1, des__GBM0, 
delay_line__parameterized10: des__GBM0, 
reg__190: des__GBM0, 
delay_line__parameterized5: des__GBM0, 
reg__157: des__GBM0, 
logic__213: rx__GC0, 
muxpart__13: des__GBM1, des__GBM0, 
reg__187: des__GBM0, 
reg__128: des__GBM0, 
reg__173: des__GBM0, 
logic__83: rx__GC0, 
reg__11: des__GBM0, 
reg__222: des__GBM0, 
reg__215: des__GBM0, 
reg__316: tx__GC0, 
muxpart__8: des__GBM1, des__GBM0, 
reg__120: des__GBM0, 
case__9: des__GBM0, 
reg__200: des__GBM0, 
muxpart__2: des__GBM1, des__GBM0, 
reg__36: des__GBM0, 
case__82: rx__GC0, 
reg__63: des__GBM0, 
reg__258: des__GBM1, des__GBM0, 
reg__355: rx__GC0, 
case__79: rx__GC0, 
des_S__parameterized6: des__GBM1, des__GBM0, 
reg__199: des__GBM0, 
reg__197: des__GBM0, 
reg__348: tx__GC0, 
reg__67: des__GBM0, 
reg__308: des__GBM0, 
reg__117: des__GBM0, 
logic__2: des__GBM1, des__GBM0, 
muxpart__21: des__GBM1, des__GBM0, 
reg__288: des__GBM0, 
logic__25: rx__GC0, 
reg__270: des__GBM0, 
reg__341: tx__GC0, 
reg__4: des__GBM0, 
reg__136: des__GBM0, 
logic__24: rx__GC0, 
reg__241: des__GBM1, des__GBM0, 
logic__72: rx__GC0, 
logic__84: rx__GC0, 
delay_line__parameterized0: des__GBM0, 
logic__103: rx__GC0, 
case__29: tx__GC0, 
reg__94: des__GBM0, 
logic__8: des__GBM1, des__GBM0, 
reg__81: des__GBM0, 
reg__293: des__GBM1, 
logic__18: des__GBM1, des__GBM0, 
des_S__parameterized4: des__GBM1, des__GBM0, 
reg__263: des__GBM0, 
reg__242: des__GBM1, des__GBM0, 
reg__191: des__GBM0, 
case__43: tx__GC0, 
reg__131: des__GBM0, 
decision: rx__GC0, 
reg__15: des__GBM0, 
logic__109: rx__GC0, 
logic__105: rx__GC0, 
reg__50: des__GBM0, 
reg__314: tx__GC0, 
logic__77: rx__GC0, 
logic__36: rx__GC0, 
reg__47: des__GBM0, 
reg__311: des__GBM0, 
reg__255: des__GBM1, des__GBM0, 
reg__172: des__GBM0, 
reg__290: des__GBM0, 
reg__133: des__GBM0, 
reg__126: des__GBM0, 
logic__55: rx__GC0, 
reg__162: des__GBM0, 
case__20: tx__GC0, 
