muxpart__348: muxpart__3
logic__239: logic__10
reg__439: reg__249
reg__177: reg__177
pla__29: pla__2
reg__170: reg__170
reg__48: reg__48
logic__331: logic__6
pla__5: pla__5
interpolation_unit_1__10: interpolation_unit_1
des_S__parameterized6__14: des_S__parameterized6
reg__437: reg__251
muxpart__149: muxpart__10
pla__175: pla
muxpart__400: muxpart__15
delay_line__parameterized8: delay_line__parameterized8
reg__65: reg__65
pla__161: pla__6
interpolation_unit_1__23: interpolation_unit_1
muxpart__473: muxpart__6
interpolation_unit_4__14: interpolation_unit_4
reg__560: reg__254
des_E__1: des_E
case__11: case__11
pla__83: pla__4
pla__226: pla__5
muxpart__10: muxpart__10
muxpart__398: muxpart__17
pla__221: pla__2
datapath__50: datapath__4
reg__56: reg__56
reg__360: reg__256
reg__255: reg__255
reg__595: reg__255
des_round__6: des_round
pla__14: pla__1
muxpart__254: muxpart__1
muxpart__301: muxpart__18
reg__720: reg__316
des_PC2__12: des_PC2
muxpart__319: muxpart
logic__31: logic__31
pla__48: pla__7
reg__401: reg__251
case__20: case__20
pla__159: pla
pla__105: pla__6
reg__103: reg__103
reg__121: reg__121
logic__354: logic__18
reg__483: reg__241
case__69: case__69
reg__695: reg__313
des_S__parameterized4__15: des_S__parameterized4
muxpart__332: muxpart__19
des_S__parameterized5__11: des_S__parameterized5
reg__404: reg__248
des_PC2__15: des_PC2
muxpart__293: muxpart__26
logic__109: logic__109
reg__732: reg__316
reg__298: reg__298
reg__323: reg__323
pla__243: pla__4
reg__734: reg__314
pla__174: pla__1
interpolation_unit_1__2: interpolation_unit_1
des_round: des_round
muxpart__190: muxpart__1
pla__2: pla__2
reg__654: reg__314
reg__507: reg__253
case__72: case__72
logic__38: logic__38
pla__13: pla__2
reg__247: reg__247
muxpart__235: muxpart__20
pla__160: pla__7
muxpart__121: muxpart__6
pla__169: pla__6
pla__92: pla__3
reg__53: reg__53
reg__150: reg__150
interpolation_unit_3__17: interpolation_unit_3
logic__47: logic__47
reg__299: reg__299
reg__580: reg__252
des_feistel__5: des_feistel
muxpart__249: muxpart__6
muxpart__487: muxpart__24
reg__229: reg__229
interpolation_unit_4__16: interpolation_unit_4
muxpart__288: muxpart__31
muxpart__367: muxpart__16
case__64: case__64
pla__118: pla__1
muxpart__185: muxpart__6
muxpart__241: muxpart__14
delay_line__parameterized6: delay_line__parameterized6
reg__280: reg__280
reg__83: reg__83
muxpart__5: muxpart__5
pla__132: pla__3
reg__266: reg__266
muxpart__378: muxpart__5
reg__39: reg__39
des_S__parameterized5__1: des_S__parameterized5
interpolation_unit_3__6: interpolation_unit_3
reg__411: reg__241
case__41: case__41
datapath__51: datapath__3
reg__511: reg__249
reg__446: reg__242
muxpart__208: muxpart__15
reg__155: reg__155
pla__113: pla__6
pla__230: pla__1
reg__635: reg__313
reg__532: reg__246
reg__182: reg__182
pla__77: pla__2
logic__67: logic__67
muxpart__341: muxpart__10
des_S__parameterized1__3: des_S__parameterized1
muxpart__258: muxpart__29
interpolation_unit_4__5: interpolation_unit_4
reg__416: reg__254
logic__12: logic__12
logic__273: logic__2
pla__233: pla__6
interpolation_unit_2__5: interpolation_unit_2
logic__334: logic__18
logic__290: logic__8
reg__10: reg__10
des_E__9: des_E
datapath__28: datapath__2
pla__108: pla__3
pla__28: pla__3
des_S__5: des_S
datapath__35: datapath__4
logic__317: logic__14
pla__88: pla__7
des_S__parameterized0: des_S__parameterized0
logic__353: logic__2
reg__385: reg__249
logic__80: logic__80
muxpart__499: muxpart__12
logic__283: logic__2
logic__52: logic__52
muxpart__287: muxpart
pla__164: pla__3
muxpart__369: muxpart__14
reg__354: reg__354
reg__604: reg__246
reg__223: reg__223
pla__251: pla__4
datapath__86: datapath__4
logic__302: logic__4
interpolation_unit_4__19: interpolation_unit_4
reg__599: reg__251
reg__553: reg__243
datapath__91: datapath__2
muxpart__70: muxpart__25
reg__565: reg__249
logic__342: logic__4
reg__450: reg__256
des_S__parameterized6__3: des_S__parameterized6
muxpart__313: muxpart__6
case__83: case
reg__520: reg__258
logic__297: logic__14
muxpart__193: muxpart__30
logic__254: logic__18
reg__52: reg__52
case__70: case__70
pla__138: pla__5
interpolation_unit_3__12: interpolation_unit_3
reg__406: reg__246
muxpart__418: muxpart__29
des_S__parameterized4__8: des_S__parameterized4
interpolation_unit_2__10: interpolation_unit_2
logic__40: logic__40
reg__363: reg__253
pla__7: pla__7
interpolation_unit_1__12: interpolation_unit_1
des_S__parameterized1__11: des_S__parameterized1
reg__208: reg__208
reg__70: reg__70
pla__142: pla__1
reg__634: reg__314
logic__74: logic__74
pla__40: pla__7
datapath__85: datapath__2
pla__246: pla__1
muxpart__52: muxpart__11
interpolation_unit_1__14: interpolation_unit_1
logic__308: logic__12
reg__176: reg__176
case__4: case__4
des_S__parameterized2__2: des_S__parameterized2
interpolation__19: interpolation
logic__222: logic__4
reg__738: reg__314
pla__20: pla__3
reg__265: reg__265
case__27: case__27
datapath__64: datapath__2
muxpart__291: muxpart__28
muxpart__322: muxpart__29
muxpart__168: muxpart__23
logic__280: logic__8
case__36: case__36
muxpart__460: muxpart__19
des_S__parameterized5__2: des_S__parameterized5
muxpart__253: muxpart__2
pla__184: pla__7
pla__166: pla__1
muxpart__194: muxpart__29
interpolation_unit_4__27: interpolation_unit_4
muxpart__150: muxpart__9
muxpart__333: muxpart__18
interpolation__3: interpolation
reg__584: reg__248
logic__17: logic__17
reg__438: reg__250
muxpart__260: muxpart__27
des_E: des_E
reg__245: reg__245
pla__235: pla__4
pla__116: pla__3
logic__238: logic__12
interpolation_unit_4__31: interpolation_unit_4
reg__127: reg__127
reg__474: reg__250
muxpart__251: muxpart__4
reg__327: reg__327
reg__675: reg__313
reg__638: reg__314
reg__73: reg__73
muxpart__180: muxpart__11
reg__688: reg__316
reg__644: reg__316
logic__363: logic__2
logic__266: logic__16
pla__133: pla__2
muxpart__428: muxpart__19
des_round__12: des_round
des_S: des_S
muxpart__107: muxpart__20
reg__85: reg__85
reg__733: reg__315
muxpart__479: muxpart
reg__80: reg__80
muxpart__83: muxpart__12
case__55: case__55
logic__313: logic__2
reg__611: reg__257
reg__717: reg__315
reg__693: reg__315
muxpart__94: muxpart__1
logic__63: logic__63
reg__387: reg__247
reg__396: reg__256
datapath__88: datapath__2
muxpart__113: muxpart__14
muxpart__463: muxpart__16
logic__264: logic__18
interpolation__2: interpolation
reg__559: reg__255
logic__42: logic__42
muxpart__307: muxpart__12
logic__337: logic__14
des_S__parameterized4__2: des_S__parameterized4
logic__312: logic__4
logic__102: logic__102
des_round__9: des_round
interpolation__18: interpolation
reg__539: reg__257
datapath__58: datapath__2
des_S__parameterized3__5: des_S__parameterized3
reg__731: reg__313
interpolation_unit_3__16: interpolation_unit_3
des_S__parameterized2: des_S__parameterized2
reg__34: reg__34
reg__302: reg__302
muxpart__42: muxpart__21
muxpart__286: muxpart__1
pla__24: pla__7
reg__629: reg__315
reg__743: reg__313
reg__721: reg__315
logic__291: logic__6
case__19: case__19
reg__702: reg__314
logic__27: logic__27
interpolation_unit_2__19: interpolation_unit_2
muxpart__461: muxpart__18
reg__583: reg__249
logic__64: logic__64
case__58: case__58
logic__96: logic__96
muxpart__422: muxpart__25
reg__479: reg__245
interpolation_unit_3__8: interpolation_unit_3
pla__12: pla__3
muxpart__195: muxpart__28
muxpart__316: muxpart__3
des_S__parameterized5__5: des_S__parameterized5
muxpart__95: muxpart
muxpart__324: muxpart__27
interpolation_unit_2: interpolation_unit_2
pla__72: pla__7
reg__237: reg__237
case__6: case__6
muxpart__474: muxpart__5
muxpart__306: muxpart__13
reg__88: reg__88
reg__391: reg__243
logic__104: logic__104
reg__740: reg__316
logic__45: logic__45
pla__177: pla__6
logic__326: logic__16
muxpart__354: muxpart__29
logic__252: logic__4
muxpart__458: muxpart__21
muxpart__361: muxpart__22
delay_line__parameterized12: delay_line__parameterized12
logic__227: logic__14
case__46: case__46
muxpart__498: muxpart__13
muxpart__160: muxpart__31
reg__336: reg__336
reg__162: reg__162
muxpart__350: muxpart__1
muxpart__276: muxpart__11
reg__62: reg__62
logic__321: logic__6
pla__73: pla__6
reg__59: reg__59
datapath__24: datapath__3
reg__136: reg__136
reg__203: reg__203
muxpart__181: muxpart__10
reg__415: reg__255
reg__113: reg__113
muxpart__71: muxpart__24
pla__21: pla__2
muxpart__240: muxpart__15
des_S__parameterized6__15: des_S__parameterized6
muxpart__500: muxpart__11
case__42: case__42
muxpart__232: muxpart__23
logic__217: logic__14
pla__231: pla
muxpart__202: muxpart__21
reg__517: reg__243
case__38: case__38
reg__723: reg__313
datapath__92: datapath__4
muxpart__393: muxpart__22
des_S__parameterized4__7: des_S__parameterized4
reg__272: reg__272
reg__643: reg__313
muxpart__117: muxpart__10
muxpart__227: muxpart__28
reg__425: reg__245
reg__441: reg__247
interpolation_unit_4: interpolation_unit_4
reg__659: reg__313
pla__54: pla__1
reg__117: reg__117
muxpart__222: muxpart__1
pla__178: pla__5
muxpart__273: muxpart__14
logic__82: logic__82
logic__320: logic__8
muxpart__24: muxpart__24
reg__470: reg__254
des_S__parameterized5__9: des_S__parameterized5
pla__255: pla
muxpart__338: muxpart__13
reg__715: reg__313
pla__93: pla__2
muxpart__3: muxpart__3
des_PC2__11: des_PC2
reg__505: reg__255
des_S__parameterized1__6: des_S__parameterized1
des_E__13: des_E
logic__347: logic__14
reg__403: reg__249
reg__578: reg__254
muxpart__416: muxpart__31
logic__97: logic__97
reg__601: reg__249
logic__231: logic__6
reg__30: reg__30
interpolation__10: interpolation
muxpart__226: muxpart__29
logic__100: logic__100
pla__103: pla
muxpart__157: muxpart__2
datapath__80: datapath__4
reg__508: reg__252
logic__269: logic__10
reg__725: reg__315
muxpart__9: muxpart__9
logic__51: logic__51
muxpart__14: muxpart__14
reg__61: reg__61
interpolation_unit_3__30: interpolation_unit_3
reg__509: reg__251
datapath__32: datapath__4
des_S__parameterized3: des_S__parameterized3
datapath__98: datapath__4
muxpart__285: muxpart__2
reg__87: reg__87
logic__166: logic__166
reg__349: reg__349
reg__670: reg__314
reg__295: reg__295
des_P__6: des_P
logic__58: logic__58
logic__90: logic__90
pla__15: pla
reg__301: reg__301
reg__392: reg__242
logic__228: logic__12
muxpart__340: muxpart__11
reg__622: reg__246
des_feistel__3: des_feistel
case__16: case__16
reg__472: reg__252
muxpart__155: muxpart__4
muxpart__90: muxpart__5
datapath__41: datapath__4
logic__284: logic__18
interpolation_unit_2__6: interpolation_unit_2
reg__698: reg__314
muxpart__218: muxpart__5
des_feistel: des_feistel
pla__47: pla
reg__250: reg__250
interpolation_unit_2__28: interpolation_unit_2
pla__222: pla__1
logic__362: logic__4
reg__222: reg__222
muxpart__64: muxpart__31
des_S__parameterized1__5: des_S__parameterized1
pla__210: pla__5
datapath__31: datapath__2
des_S__parameterized2__7: des_S__parameterized2
muxpart__495: muxpart__16
reg__213: reg__213
pla__80: pla__7
reg__519: reg__241
datapath__13: datapath__2
reg__687: reg__313
logic__258: logic__12
logic__50: logic__50
reg__690: reg__314
muxpart__78: muxpart__17
des_S__parameterized0__1: des_S__parameterized0
reg__15: reg__15
muxpart__329: muxpart__22
reg__169: reg__169
des_S__parameterized6__5: des_S__parameterized6
des_S__parameterized6: des_S__parameterized6
logic__86: logic__86
muxpart__187: muxpart__4
pla__239: pla
muxpart__339: muxpart__12
reg__97: reg__97
reg__550: reg__246
logic__355: logic__17
muxpart__490: muxpart__21
pla__32: pla__7
logic__247: logic__14
muxpart__383: muxpart
reg__89: reg__89
muxpart__302: muxpart__17
logic__65: logic__65
pla__173: pla__2
datapath__65: datapath__4
muxpart__268: muxpart__19
muxpart__209: muxpart__14
logic__95: logic__95
des_round__7: des_round
logic__281: logic__6
interpolation_unit_2__11: interpolation_unit_2
muxpart__294: muxpart__25
reg__658: reg__314
logic__338: logic__12
pla__8: pla__7
case__61: case__61
reg__602: reg__248
muxpart__475: muxpart__4
muxpart__85: muxpart__10
reg__359: reg__257
muxpart__228: muxpart__27
pla__34: pla__5
reg__615: reg__253
interpolation_unit_1__31: interpolation_unit_1
reg__679: reg__313
muxpart__466: muxpart__13
muxpart__391: muxpart__24
reg__55: reg__55
des_S__parameterized4: des_S__parameterized4
muxpart__368: muxpart__15
reg__573: reg__241
delay_line__parameterized11: delay_line__parameterized11
muxpart__449: muxpart__30
des_S__parameterized1__14: des_S__parameterized1
delay_line__parameterized5: delay_line__parameterized5
reg__151: reg__151
muxpart__346: muxpart__5
muxpart__223: muxpart
interpolation_unit_4__9: interpolation_unit_4
muxpart__491: muxpart__20
des_E__7: des_E
logic__272: logic__4
reg__123: reg__123
pla__206: pla__1
reg__172: reg__172
reg__47: reg__47
des_S__parameterized6__12: des_S__parameterized6
reg__322: reg__322
datapath__60: datapath__3
interpolation_unit_2__25: interpolation_unit_2
case__21: case__21
des_S__14: des_S
case__37: case__37
interpolation_unit_3__5: interpolation_unit_3
pla__218: pla__5
datapath__44: datapath__4
reg__249: reg__249
reg__188: reg__188
reg__640: reg__316
reg__388: reg__246
reg__736: reg__316
pla__96: pla__7
case__52: case__52
des_PC1: des_PC1
reg__730: reg__314
datapath__81: datapath__3
pla__22: pla__1
reg__148: reg__148
case__50: case__50
reg__665: reg__315
reg__153: reg__153
muxpart__299: muxpart__20
muxpart__414: muxpart__1
pla__214: pla__1
pla__57: pla__6
des_S__parameterized5: des_S__parameterized5
des_S__parameterized3__10: des_S__parameterized3
logic__288: logic__12
des_S__10: des_S
interpolation_unit_3__25: interpolation_unit_3
muxpart__330: muxpart__21
muxpart__265: muxpart__22
des_PC2__3: des_PC2
interpolation_unit_3__11: interpolation_unit_3
reg__380: reg__254
interpolation_unit_3__22: interpolation_unit_3
muxpart__28: muxpart__28
reg__467: reg__257
pla__167: pla
datapath__18: datapath__3
muxpart__21: muxpart__21
interpolation_unit_4__11: interpolation_unit_4
pla__75: pla__4
interpolation_unit_3__21: interpolation_unit_3
reg__662: reg__314
muxpart__412: muxpart__3
logic__244: logic__18
muxpart__145: muxpart__14
logic__282: logic__4
des_S__parameterized5__12: des_S__parameterized5
des_S__parameterized5__10: des_S__parameterized5
reg__199: reg__199
des_feistel__4: des_feistel
logic__69: logic__69
des_E__4: des_E
delay_line__parameterized14: delay_line__parameterized14
delay_line__parameterized0: delay_line__parameterized0
reg__4: reg__4
muxpart__12: muxpart__12
muxpart__26: muxpart__26
des_S__parameterized2__14: des_S__parameterized2
reg__93: reg__93
muxpart__13: muxpart__13
logic__287: logic__14
logic__75: logic__75
muxpart__4: muxpart__4
muxpart__62: muxpart__1
reg__36: reg__36
logic__224: logic__18
logic__310: logic__8
reg__488: reg__254
logic__73: logic__73
muxpart__344: muxpart__7
case__62: case__62
des_E__3: des_E
interpolation_unit_2__7: interpolation_unit_2
reg__115: reg__115
interpolation_unit_1__26: interpolation_unit_1
reg__197: reg__197
des_S__parameterized6__11: des_S__parameterized6
muxpart__320: muxpart__31
reg__356: reg__356
muxpart__376: muxpart__7
reg__292: reg__292
interpolation_unit_1__7: interpolation_unit_1
des_PC2__2: des_PC2
case__54: case__54
muxpart__439: muxpart__8
datapath__87: datapath__3
muxpart__57: muxpart__6
reg__190: reg__190
reg__226: reg__226
logic__91: logic__91
reg__430: reg__258
des_round__14: des_round
muxpart__219: muxpart__4
case__53: case__53
reg__96: reg__96
reg__184: reg__184
reg__82: reg__82
rom__2: rom__2
logic__98: logic__98
muxpart__164: muxpart__27
pla__30: pla__1
muxpart__413: muxpart__2
des_P__15: des_P
des__GBM1: des__GBM1
muxpart__282: muxpart__5
reg__284: reg__284
reg__682: reg__314
case__7: case__7
muxpart__91: muxpart__4
reg__469: reg__255
logic__215: logic__17
pla__213: pla__2
muxpart__55: muxpart__8
muxpart__236: muxpart__19
des_S__1: des_S
datapath__63: datapath__3
reg__661: reg__315
delay_line__parameterized1: delay_line__parameterized1
reg__656: reg__316
muxpart__437: muxpart__10
muxpart__56: muxpart__7
pla__121: pla__6
muxpart__483: muxpart__28
muxpart__469: muxpart__10
des_S__parameterized4__1: des_S__parameterized4
logic__33: logic__33
logic__220: logic__8
reg__187: reg__187
pla__137: pla__6
muxpart__501: muxpart__10
muxpart__225: muxpart__30
reg__344: reg__344
reg__424: reg__246
datapath: datapath
des_S__parameterized3__11: des_S__parameterized3
logic__248: logic__12
des_S__parameterized3__3: des_S__parameterized3
reg__24: reg__24
des_S__parameterized1__9: des_S__parameterized1
datapath__57: datapath__3
pla__37: pla__2
muxpart__238: muxpart__17
reg__741: reg__315
logic__329: logic__10
muxpart__326: muxpart__25
muxpart__196: muxpart__27
logic__76: logic__76
interpolation_unit_1: interpolation_unit_1
des_P__11: des_P
des_S__9: des_S
reg__191: reg__191
pla__125: pla__2
reg__109: reg__109
datapath__15: datapath__3
reg__257: reg__257
muxpart__137: muxpart__22
reg__652: reg__316
des_E__5: des_E
reg__655: reg__313
muxpart__68: muxpart__27
reg__125: reg__125
muxpart__459: muxpart__20
interpolation_unit_4__8: interpolation_unit_4
reg__320: reg__320
muxpart__20: muxpart__20
logic__108: logic__108
interpolation_unit_2__31: interpolation_unit_2
pla__140: pla__3
logic__361: logic__6
muxpart__290: muxpart__29
reg__739: reg__313
muxpart__478: muxpart__1
des_round__13: des_round
reg__267: reg__267
muxpart__266: muxpart__21
muxpart__132: muxpart__27
muxpart__278: muxpart__9
pla__67: pla__4
reg__22: reg__22
pla__240: pla__7
logic__263: logic__2
reg__338: reg__338
pla__71: pla
reg__204: reg__204
logic__340: logic__8
muxpart__135: muxpart__24
reg__484: reg__258
des_S__6: des_S
pla__36: pla__3
delay_line__parameterized3: delay_line__parameterized3
reg__651: reg__313
muxpart__84: muxpart__11
interpolation_unit_3: interpolation_unit_3
reg__69: reg__69
reg__493: reg__249
logic__226: logic__16
reg__60: reg__60
pla__224: pla__7
reg__610: reg__258
interpolation_unit_4__22: interpolation_unit_4
reg__540: reg__256
muxpart__167: muxpart__24
reg__13: reg__13
pla__131: pla__4
reg__311: reg__311
logic__256: logic__16
muxpart__363: muxpart__20
pla__45: pla__2
muxpart__230: muxpart__25
pla__215: pla
pla__82: pla__5
muxpart__448: muxpart__31
muxpart__445: muxpart__2
reg__20: reg__20
pla__162: pla__5
pla__152: pla__7
rx__GC0: rx__GC0
muxpart__264: muxpart__23
pla__165: pla__2
des_S__parameterized6__2: des_S__parameterized6
muxpart__289: muxpart__30
muxpart__321: muxpart__30
muxpart__372: muxpart__11
reg__17: reg__17
reg__215: reg__215
pla: pla
reg__671: reg__313
reg__444: reg__244
muxpart__36: muxpart__27
des_S__parameterized0__15: des_S__parameterized0
muxpart__421: muxpart__26
muxpart__233: muxpart__22
muxpart__404: muxpart__11
reg__297: reg__297
pla__42: pla__5
reg__90: reg__90
reg__224: reg__224
logic__16: logic__16
reg__373: reg__243
reg__152: reg__152
des_round__4: des_round
reg__518: reg__242
pla__85: pla__2
reg__537: reg__241
reg__678: reg__314
logic__316: logic__16
muxpart__504: muxpart__7
logic__325: logic__17
reg__481: reg__243
pla__126: pla__1
reg__262: reg__262
reg__6: reg__6
reg__683: reg__313
logic__53: logic__53
reg__218: reg__218
logic__83: logic__83
pla__51: pla__4
reg__185: reg__185
datapath__82: datapath__2
rom__3: rom__1
reg__561: reg__253
muxpart__446: muxpart__1
muxpart__44: muxpart__19
reg__102: reg__102
des_S__parameterized3__7: des_S__parameterized3
des_S__parameterized0__2: des_S__parameterized0
muxpart__98: muxpart__29
interpolation_unit_2__12: interpolation_unit_2
des_PC2__7: des_PC2
des_feistel__10: des_feistel
reg__329: reg__329
pla__33: pla__6
reg__497: reg__245
logic__304: logic__18
reg__269: reg__269
muxpart__81: muxpart__14
reg__588: reg__244
reg__440: reg__248
pla__70: pla__1
reg__627: reg__241
interpolation_unit_4__12: interpolation_unit_4
muxpart__494: muxpart__17
muxpart__269: muxpart__18
interpolation__24: interpolation
reg__293: reg__293
reg__409: reg__243
logic__103: logic__103
reg__313: reg__313
reg__91: reg__91
reg__575: reg__257
reg__747: reg__313
reg__364: reg__252
reg__525: reg__253
interpolation_unit_2__30: interpolation_unit_2
logic__314: logic__18
muxpart__250: muxpart__5
pla__171: pla__4
reg__8: reg__8
logic__213: logic__213
reg__18: reg__18
interpolation_unit_4__1: interpolation_unit_4
reg__120: reg__120
reg__400: reg__252
reg__46: reg__46
logic__165: logic__165
reg__389: reg__245
muxpart__206: muxpart__17
logic__84: logic__84
muxpart__377: muxpart__6
reg__727: reg__313
muxpart__27: muxpart__27
muxpart__508: muxpart__3
reg__350: reg__350
pla__194: pla__5
logic__29: logic__29
des_S__parameterized0__4: des_S__parameterized0
reg__436: reg__252
reg__240: reg__240
des_feistel__14: des_feistel
reg__72: reg__72
muxpart__430: muxpart__17
reg__132: reg__132
pla__129: pla__6
des_S__parameterized0__14: des_S__parameterized0
muxpart__314: muxpart__5
muxpart__176: muxpart__15
muxpart__59: muxpart__4
interpolation_unit_3__19: interpolation_unit_3
reg__433: reg__255
reg__300: reg__300
interpolation_unit_4__2: interpolation_unit_4
muxpart__37: muxpart__26
interpolation_unit_1__28: interpolation_unit_1
muxpart__239: muxpart__16
datapath__93: datapath__3
des_E__15: des_E
reg__428: reg__242
case__59: case__59
datapath__10: datapath__2
reg__383: reg__251
pla__189: pla__2
muxpart__353: muxpart__30
logic__292: logic__4
reg__376: reg__258
muxpart__467: muxpart__12
muxpart__396: muxpart__19
reg__21: reg__21
muxpart__66: muxpart__29
interpolation_unit_4__15: interpolation_unit_4
reg__368: reg__248
reg__164: reg__164
reg__210: reg__210
logic__77: logic__77
reg__410: reg__242
logic__319: logic__10
reg__205: reg__205
reg__198: reg__198
muxpart__11: muxpart__11
pla__144: pla__7
reg__264: reg__264
muxpart__162: muxpart__29
case__35: case__35
interpolation_unit_2__26: interpolation_unit_2
pla__90: pla__5
des_S__parameterized5__3: des_S__parameterized5
muxpart__231: muxpart__24
reg__649: reg__315
reg__71: reg__71
reg__502: reg__258
logic__89: logic__89
reg__617: reg__251
logic__262: logic__4
muxpart__399: muxpart__16
datapath__47: datapath__4
muxpart__22: muxpart__22
des_S__7: des_S
pla__128: pla__7
muxpart__25: muxpart__25
reg__362: reg__254
logic__300: logic__8
muxpart__432: muxpart__15
case__14: case__14
reg__663: reg__313
reg__636: reg__316
reg__310: reg__310
interpolation_unit_4__13: interpolation_unit_4
muxpart__39: muxpart__24
reg__374: reg__242
reg__592: reg__258
logic__305: logic__17
delay_line__parameterized7: delay_line__parameterized7
muxpart__76: muxpart__19
reg__286: reg__286
reg__196: reg__196
des_S__parameterized0__11: des_S__parameterized0
muxpart__388: muxpart__27
interpolation_unit_3__29: interpolation_unit_3
reg__394: reg__258
reg__253: reg__253
reg__67: reg__67
muxpart__186: muxpart__5
logic__277: logic__14
reg__514: reg__246
muxpart__111: muxpart__16
des_S__parameterized2__8: des_S__parameterized2
reg__335: reg__335
pla__220: pla__3
pla__111: pla
muxpart__274: muxpart__13
logic__25: logic__25
delay_line__parameterized2: delay_line__parameterized2
logic__57: logic__57
reg__750: reg__314
reg__63: reg__63
muxpart__381: muxpart__2
interpolation_unit_1__18: interpolation_unit_1
muxpart__470: muxpart__9
reg__390: reg__244
des_round__10: des_round
reg__330: reg__330
des_round__3: des_round
reg__304: reg__304
muxpart__511: muxpart
reg__562: reg__252
muxpart__257: muxpart__30
logic__303: logic__2
reg__339: reg__339
reg__468: reg__256
datapath__70: datapath__2
muxpart__97: muxpart__30
rom__4: rom
reg__283: reg__283
reg__672: reg__316
muxpart__73: muxpart__22
pla__107: pla__4
reg__44: reg__44
muxpart__101: muxpart__26
datapath__46: datapath__2
interpolation_unit_1__9: interpolation_unit_1
logic__295: logic__17
des_S__parameterized5__7: des_S__parameterized5
muxpart__505: muxpart__6
muxpart__65: muxpart__30
reg__319: reg__319
muxpart__336: muxpart__15
muxpart__262: muxpart__25
datapath__36: datapath__3
muxpart__104: muxpart__23
pla__35: pla__4
muxpart__54: muxpart__9
reg__414: reg__256
case__47: case__47
reg__12: reg__12
reg__660: reg__316
interpolation_unit_1__1: interpolation_unit_1
reg__133: reg__133
reg__337: reg__337
reg__582: reg__250
pla__74: pla__5
pla__41: pla__6
des_S__parameterized4__13: des_S__parameterized4
logic__251: logic__6
pla__157: pla__2
reg__572: reg__242
decision: decision
des_S__parameterized6__7: des_S__parameterized6
pla__99: pla__4
pla__122: pla__5
muxpart__484: muxpart__27
muxpart__342: muxpart__9
des_S__parameterized4__10: des_S__parameterized4
reg__106: reg__106
reg__429: reg__241
reg__193: reg__193
reg__118: reg__118
muxpart__503: muxpart__8
muxpart__295: muxpart__24
reg__513: reg__247
reg__718: reg__314
reg__619: reg__249
pla__168: pla__7
reg__499: reg__243
reg__124: reg__124
logic__234: logic__18
datapath__14: datapath__4
reg__275: reg__275
pla__55: pla
reg__370: reg__246
muxpart__147: muxpart__12
reg__74: reg__74
interpolation_unit_2__23: interpolation_unit_2
pla__43: pla__4
reg__326: reg__326
reg__706: reg__314
muxpart__488: muxpart__23
reg__261: reg__261
muxpart__310: muxpart__9
muxpart__370: muxpart__13
muxpart__409: muxpart__6
muxpart__215: muxpart__8
pla__227: pla__4
reg__603: reg__247
tx__GC0: tx__GC0
muxpart__347: muxpart__4
muxpart__161: muxpart__30
logic__236: logic__16
logic__294: logic__18
des_S__parameterized4__9: des_S__parameterized4
pla__217: pla__6
muxpart__452: muxpart__27
muxpart__140: muxpart__19
interpolation__25: interpolation
logic__62: logic__62
pla__147: pla__4
pla__104: pla__7
interpolation_unit_1__13: interpolation_unit_1
interpolation_unit_3__9: interpolation_unit_3
datapath__101: datapath
case__22: case__22
datapath__84: datapath__3
datapath__22: datapath__2
logic__352: logic__4
reg__712: reg__316
reg__340: reg__340
logic__350: logic__8
des_S__parameterized5__4: des_S__parameterized5
pla__78: pla__1
pla__100: pla__3
pla__211: pla__4
interpolation_unit_1__6: interpolation_unit_1
interpolation_unit_2__21: interpolation_unit_2
pla__106: pla__5
pla__170: pla__5
pla__38: pla__1
muxpart__297: muxpart__22
muxpart__327: muxpart__24
reg__529: reg__249
muxpart__143: muxpart__16
des_S__parameterized3__15: des_S__parameterized3
muxpart__49: muxpart__14
pla__163: pla__4
pla__76: pla__3
reg__500: reg__242
logic__332: logic__4
reg__456: reg__250
reg__241: reg__241
reg__691: reg__313
des_PC2__4: des_PC2
des_S__parameterized1__10: des_S__parameterized1
reg__167: reg__167
reg__407: reg__245
case__68: case__68
reg__268: reg__268
datapath__56: datapath__4
logic__32: logic__32
muxpart__510: muxpart__1
pla__252: pla__3
muxpart__217: muxpart__6
logic__237: logic__14
reg__523: reg__255
reg__422: reg__248
datapath__75: datapath__3
interpolation__21: interpolation
reg__596: reg__254
muxpart__406: muxpart__9
reg__571: reg__243
muxpart__75: muxpart__20
logic__66: logic__66
interpolation_unit_1__3: interpolation_unit_1
case__60: case__60
muxpart__335: muxpart__16
interpolation_unit_2__9: interpolation_unit_2
reg__597: reg__253
case: case
reg__709: reg__315
muxpart__464: muxpart__15
muxpart__434: muxpart__13
reg__111: reg__111
reg__473: reg__251
reg__694: reg__314
reg__498: reg__244
case__75: case__75
logic__343: logic__2
muxpart__204: muxpart__19
muxpart__139: muxpart__20
logic__79: logic__79
datapath__16: datapath__2
muxpart__138: muxpart__21
pla__1: pla__1
interpolation__28: interpolation
reg__653: reg__315
pla__250: pla__5
datapath__33: datapath__3
logic__268: logic__12
muxpart__1: muxpart__1
datapath__4: datapath__4
datapath__29: datapath__4
reg__496: reg__246
reg__77: reg__77
muxpart__163: muxpart__28
muxpart__380: muxpart__3
muxpart__35: muxpart__28
reg__609: reg__241
reg__657: reg__315
datapath__21: datapath__3
reg__235: reg__235
interpolation_unit_1__24: interpolation_unit_1
pla__136: pla__7
logic__225: logic__17
pla__186: pla__5
case__73: case__73
reg__487: reg__255
reg__568: reg__246
interpolation_unit_2__22: interpolation_unit_2
reg__579: reg__253
reg__459: reg__247
interpolation_unit_2__29: interpolation_unit_2
muxpart__172: muxpart__19
rom: rom
reg__104: reg__104
reg__285: reg__285
reg__303: reg__303
case__3: case__3
case__45: case__45
pla__247: pla
interpolation_unit_1__22: interpolation_unit_1
logic__206: logic__206
datapath__59: datapath__4
interpolation_unit_1__16: interpolation_unit_1
muxpart__476: muxpart__3
interpolation_unit_1__21: interpolation_unit_1
reg__95: reg__95
datapath__90: datapath__3
muxpart__436: muxpart__11
des_P__10: des_P
muxpart__77: muxpart__18
des_feistel__1: des_feistel
muxpart__349: muxpart__2
reg__395: reg__257
des_feistel__6: des_feistel
pla__79: pla
pla__31: pla
reg__76: reg__76
reg__482: reg__242
pla__91: pla__4
reg__632: reg__316
logic__167: logic__167
muxpart__200: muxpart__23
reg__2: reg__2
des_feistel__11: des_feistel
reg__316: reg__316
pla__205: pla__2
reg__522: reg__256
interpolation_unit_3__26: interpolation_unit_3
pla__39: pla
des_PC2__8: des_PC2
interpolation_unit_2__16: interpolation_unit_2
reg__667: reg__313
des_S__3: des_S
reg__343: reg__343
muxpart__58: muxpart__5
muxpart__112: muxpart__15
case__57: case__57
reg__58: reg__58
des_S__parameterized2__12: des_S__parameterized2
muxpart__152: muxpart__7
muxpart__259: muxpart__28
muxpart__178: muxpart__13
muxpart__485: muxpart__26
datapath__52: datapath__2
des_S__parameterized6__8: des_S__parameterized6
reg__382: reg__252
des_S__parameterized6__6: des_S__parameterized6
reg__216: reg__216
muxpart__177: muxpart__14
muxpart__480: muxpart__31
reg__274: reg__274
muxpart__60: muxpart__3
logic__298: logic__12
datapath__5: datapath__5
pla__188: pla__3
logic__360: logic__8
muxpart__212: muxpart__11
logic__315: logic__17
datapath__89: datapath__4
interpolation_unit_4__18: interpolation_unit_4
pla__60: pla__3
pla__4: pla__4
reg__40: reg__40
interpolation__8: interpolation
pla__248: pla__7
des_P__14: des_P
logic__23: logic__23
reg__625: reg__243
reg__192: reg__192
logic__249: logic__10
muxpart__373: muxpart__10
case__40: case__40
muxpart__468: muxpart__11
muxpart__47: muxpart__16
case__48: case__48
pla__158: pla__1
muxpart__154: muxpart__5
interpolation_unit_3__4: interpolation_unit_3
reg__206: reg__206
muxpart__292: muxpart__27
reg__307: reg__307
pla__115: pla__4
des_S__15: des_S
des_S__4: des_S
muxpart__454: muxpart__25
muxpart__114: muxpart__13
logic__101: logic__101
pla__84: pla__3
reg__623: reg__245
reg__434: reg__254
reg__324: reg__324
interpolation_unit_4__30: interpolation_unit_4
datapath__71: datapath__4
logic__356: logic__16
logic__221: logic__6
interpolation_unit_1__11: interpolation_unit_1
muxpart__425: muxpart__22
pla__87: pla
reg__231: reg__231
reg__564: reg__250
reg__94: reg__94
reg__536: reg__242
interpolation__23: interpolation
des_S__parameterized0__13: des_S__parameterized0
reg__544: reg__252
pla__119: pla
reg__246: reg__246
pla__249: pla__6
muxpart__337: muxpart__14
muxpart__481: muxpart__30
des_E__6: des_E
muxpart__105: muxpart__22
datapath__27: datapath__3
datapath__78: datapath__3
datapath__9: datapath__3
reg__551: reg__245
logic__357: logic__14
interpolation_unit_4__6: interpolation_unit_4
reg__591: reg__241
des_P__7: des_P
muxpart__509: muxpart__2
reg__527: reg__251
reg__366: reg__250
reg__372: reg__244
des_PC2__10: des_PC2
logic__93: logic__93
muxpart__255: muxpart
reg__98: reg__98
des_P__13: des_P
logic__4: logic__4
reg__119: reg__119
muxpart__492: muxpart__19
reg__492: reg__250
reg__99: reg__99
reg__183: reg__183
reg__314: reg__314
des_feistel__2: des_feistel
reg__312: reg__312
case__12: case__12
reg__613: reg__255
pla__151: pla
pla__3: pla__3
pla__223: pla
logic__41: logic__41
ber: ber
reg__325: reg__325
interpolation_unit_3__24: interpolation_unit_3
reg__51: reg__51
case__25: case__25
pla__191: pla
reg__277: reg__277
logic__346: logic__16
reg__714: reg__314
muxpart__275: muxpart__12
logic__207: logic__207
reg__669: reg__315
muxpart__507: muxpart__4
muxpart__175: muxpart__16
logic__164: logic__164
reg__348: reg__348
reg__225: reg__225
reg__724: reg__316
des_round__1: des_round
reg__548: reg__248
muxpart__415: muxpart
reg__680: reg__316
logic__322: logic__4
interpolation__1: interpolation
reg__381: reg__253
muxpart__471: muxpart__8
logic__59: logic__59
reg__33: reg__33
reg__554: reg__242
muxpart__169: muxpart__22
muxpart__392: muxpart__23
reg__650: reg__314
reg__195: reg__195
des_P__4: des_P
pla__63: pla
des_S__parameterized3__12: des_S__parameterized3
reg__477: reg__247
muxpart__417: muxpart__30
reg__512: reg__248
pla__6: pla__6
logic__223: logic__2
datapath__8: datapath__4
reg__233: reg__233
muxpart__179: muxpart__12
muxpart__122: muxpart__5
datapath__38: datapath__4
pla__143: pla
pla__97: pla__6
des_S__parameterized5__6: des_S__parameterized5
muxpart__272: muxpart__15
reg__287: reg__287
logic__205: logic__205
pla__86: pla__1
interpolation_unit_3__10: interpolation_unit_3
muxpart__118: muxpart__9
muxpart__426: muxpart__21
logic__235: logic__17
muxpart__221: muxpart__2
reg__29: reg__29
muxpart__357: muxpart__26
logic__351: logic__6
muxpart__130: muxpart__29
muxpart__371: muxpart__12
muxpart__246: muxpart__9
reg__341: reg__341
interpolation_unit_3__14: interpolation_unit_3
reg__1: reg__1
datapath__95: datapath__4
pla__145: pla__6
muxpart__183: muxpart__8
muxpart__133: muxpart__26
reg__555: reg__241
reg__147: reg__147
datapath__96: datapath__3
pla__112: pla__7
case__1: case__1
reg__43: reg__43
reg__397: reg__255
case__43: case__43
des_S__parameterized0__12: des_S__parameterized0
pla__198: pla__1
interpolation_unit_4__21: interpolation_unit_4
des_feistel__15: des_feistel
reg__180: reg__180
muxpart__351: muxpart
muxpart__38: muxpart__25
interpolation_unit_1__27: interpolation_unit_1
interpolation__9: interpolation
logic__271: logic__6
muxpart__156: muxpart__3
interpolation_unit_4__17: interpolation_unit_4
des_feistel__9: des_feistel
logic__335: logic__17
pla__27: pla__4
reg__598: reg__252
reg__159: reg__159
muxpart__261: muxpart__26
reg__306: reg__306
muxpart__362: muxpart__21
reg__435: reg__253
pla__17: pla__6
reg__217: reg__217
des_S__parameterized5__14: des_S__parameterized5
des_S__parameterized5__8: des_S__parameterized5
reg__545: reg__251
case__65: case__65
reg__309: reg__309
muxpart__205: muxpart__18
des_S__parameterized4__5: des_S__parameterized4
logic__81: logic__81
reg__41: reg__41
reg__321: reg__321
interpolation_unit_3__23: interpolation_unit_3
logic__323: logic__2
reg__593: reg__257
logic__336: logic__16
muxpart__29: muxpart__29
interpolation__20: interpolation
reg__642: reg__314
des_S__parameterized3__4: des_S__parameterized3
rom__1: rom__1
muxpart__304: muxpart__15
reg__49: reg__49
muxpart__51: muxpart__12
interpolation_unit_2__4: interpolation_unit_2
reg__27: reg__27
pla__59: pla__4
des_round__2: des_round
interpolation_unit_2__15: interpolation_unit_2
reg__25: reg__25
reg__31: reg__31
interpolation_unit_1__4: interpolation_unit_1
interpolation_unit_3__28: interpolation_unit_3
reg__696: reg__316
datapath__62: datapath__4
reg__542: reg__254
muxpart__280: muxpart__7
logic__22: logic__22
datapath__94: datapath__2
reg__476: reg__248
muxpart__360: muxpart__23
reg__737: reg__315
des_S__parameterized1__2: des_S__parameterized1
des_S__parameterized2__6: des_S__parameterized2
muxpart__403: muxpart__12
logic__296: logic__16
reg__254: reg__254
des_S__parameterized0__9: des_S__parameterized0
muxpart__32: muxpart__31
reg__466: reg__258
reg__234: reg__234
des_P: des_P
interpolation__13: interpolation
muxpart__382: muxpart__1
muxpart__323: muxpart__28
logic__359: logic__10
reg__752: reg
logic__260: logic__8
reg__294: reg__294
muxpart__502: muxpart__9
des__GBM0: des__GBM0
reg__355: reg__355
logic__34: logic__34
reg__692: reg__316
muxpart__16: muxpart__16
datapath__68: datapath__4
logic__257: logic__14
muxpart__442: muxpart__5
pla__64: pla__7
muxpart__453: muxpart__26
reg__296: reg__296
interpolation__6: interpolation
reg__647: reg__313
muxpart__420: muxpart__27
muxpart__270: muxpart__17
reg__166: reg__166
des_E__12: des_E
muxpart__197: muxpart__26
reg__181: reg__181
muxpart__358: muxpart__25
reg__334: reg__334
pla__200: pla__7
reg__278: reg__278
muxpart__309: muxpart__10
reg__79: reg__79
case__5: case__5
interpolation_unit_4__28: interpolation_unit_4
datapath__73: datapath__2
reg__495: reg__247
muxpart__312: muxpart__7
des_S__parameterized3__8: des_S__parameterized3
reg__143: reg__143
des_S__parameterized2__15: des_S__parameterized2
muxpart__126: muxpart__1
reg__552: reg__244
des_IP: des_IP
des_S__parameterized1__4: des_S__parameterized1
reg__443: reg__245
reg__684: reg__316
pla__123: pla__4
reg__639: reg__313
pla__196: pla__3
reg__486: reg__256
delay_line__parameterized10: delay_line__parameterized10
reg__646: reg__314
muxpart__305: muxpart__14
muxpart__18: muxpart__18
muxpart__407: muxpart__8
reg__480: reg__244
muxpart__482: muxpart__29
reg__66: reg__66
pla__234: pla__5
interpolation_unit_2__8: interpolation_unit_2
pla__245: pla__2
pla__9: pla__6
pla__117: pla__2
muxpart__173: muxpart__18
logic__49: logic__49
reg__701: reg__315
reg__9: reg__9
des_feistel__12: des_feistel
muxpart__229: muxpart__26
reg__209: reg__209
reg__161: reg__161
reg__130: reg__130
datapath__6: datapath__6
reg__461: reg__245
pla__238: pla__1
logic__349: logic__10
pla__228: pla__3
pla__204: pla__3
muxpart__45: muxpart__18
muxpart__489: muxpart__22
pla__66: pla__5
muxpart__153: muxpart__6
reg__158: reg__158
reg__735: reg__313
pla__11: pla__4
muxpart__462: muxpart__17
reg__3: reg__3
muxpart__387: muxpart__28
datapath__19: datapath__2
reg__506: reg__254
reg__729: reg__315
des_S__parameterized4__14: des_S__parameterized4
reg__455: reg__251
datapath__2: datapath__2
reg__173: reg__173
interpolation_unit_2__20: interpolation_unit_2
interpolation_unit_3__2: interpolation_unit_3
reg__142: reg__142
muxpart__456: muxpart__23
des_P__12: des_P
muxpart__352: muxpart__31
muxpart__142: muxpart__17
muxpart__444: muxpart__3
muxpart__184: muxpart__7
muxpart__506: muxpart__5
des_S__parameterized1: des_S__parameterized1
muxpart__110: muxpart__17
interpolation_unit_1__30: interpolation_unit_1
case__18: case__18
pla__19: pla__4
datapath__67: datapath__2
des_P__8: des_P
muxpart__375: muxpart__8
logic__26: logic__26
interpolation__7: interpolation
logic__168: logic__168
pla__156: pla__3
pla__135: pla
reg__454: reg__252
logic__88: logic__88
muxpart__303: muxpart__16
muxpart__242: muxpart__13
logic__60: logic__60
datapath__74: datapath__4
interpolation__4: interpolation
muxpart__385: muxpart__30
reg__270: reg__270
des_S__parameterized5__15: des_S__parameterized5
des_feistel__7: des_feistel
logic__14: logic__14
pla__139: pla__4
logic__68: logic__68
reg__746: reg__314
muxpart__433: muxpart__14
reg__7: reg__7
reg__398: reg__254
muxpart__151: muxpart__8
pla__176: pla__7
reg__533: reg__245
muxpart__465: muxpart__14
reg__317: reg__317
reg__42: reg__42
interpolation: interpolation
logic__293: logic__2
reg__538: reg__258
case__51: case__51
muxpart__15: muxpart__15
pla__109: pla__2
des_S__parameterized5__13: des_S__parameterized5
muxpart__359: muxpart__24
reg__5: reg__5
reg__194: reg__194
muxpart__79: muxpart__16
logic__232: logic__4
case__26: case__26
muxpart__427: muxpart__20
logic__246: logic__16
muxpart__311: muxpart__8
reg__377: reg__257
delay_line: delay_line
pla__192: pla__7
reg__419: reg__251
reg__549: reg__247
reg__471: reg__253
reg__700: reg__316
reg__263: reg__263
delay_line__parameterized4: delay_line__parameterized4
logic__28: logic__28
logic__328: logic__12
reg__361: reg__255
des_feistel__8: des_feistel
pla__216: pla__7
logic__94: logic__94
datapath__79: datapath__2
muxpart__279: muxpart__8
muxpart__216: muxpart__7
case__8: case__8
logic__286: logic__16
muxpart__210: muxpart__13
case__56: case__56
reg__252: reg__252
muxpart__141: muxpart__18
reg__605: reg__245
muxpart__440: muxpart__7
reg__465: reg__241
pla__219: pla__4
muxpart__419: muxpart__28
pla__114: pla__5
muxpart__100: muxpart__27
pla__94: pla__1
logic__267: logic__14
datapath__76: datapath__2
reg__705: reg__315
reg__282: reg__282
logic__107: logic__107
logic__2: logic__2
case__44: case__44
reg__50: reg__50
muxpart__325: muxpart__26
reg__273: reg__273
reg__333: reg__333
muxpart__435: muxpart__12
reg__378: reg__256
case__80: case__80
logic__327: logic__14
pla__98: pla__5
datapath__26: datapath__4
reg__543: reg__253
pla__203: pla__4
interpolation_unit_1__20: interpolation_unit_1
pla__127: pla
reg__630: reg__314
muxpart__67: muxpart__28
des_E__10: des_E
datapath__55: datapath__2
interpolation_unit_1__8: interpolation_unit_1
reg__489: reg__253
muxpart__199: muxpart__24
reg__145: reg__145
reg__315: reg__315
interpolation_unit_2__27: interpolation_unit_2
logic__358: logic__12
muxpart__447: muxpart
logic__230: logic__8
pla__193: pla__6
pla__154: pla__5
datapath__40: datapath__2
des_E__8: des_E
des_S__parameterized3__2: des_S__parameterized3
muxpart__207: muxpart__16
reg__100: reg__100
logic__85: logic__85
pla__53: pla__2
reg__504: reg__256
pla__65: pla__6
muxpart__46: muxpart__17
reg__697: reg__315
case__28: case__28
pla__195: pla__4
reg__232: reg__232
reg__108: reg__108
interpolation_unit_2__3: interpolation_unit_2
reg__447: reg__241
muxpart__386: muxpart__29
muxpart__247: muxpart__8
pla__49: pla__6
des_S__parameterized3__1: des_S__parameterized3
muxpart__148: muxpart__11
reg__711: reg__313
datapath__34: datapath__2
datapath__25: datapath__2
muxpart__50: muxpart__13
reg__628: reg__316
pla__242: pla__5
pla__148: pla__3
reg__331: reg__331
des_S__2: des_S
pla__95: pla
muxpart__271: muxpart__16
reg__408: reg__244
logic__99: logic__99
interpolation_unit_1__15: interpolation_unit_1
datapath__49: datapath__2
logic__43: logic__43
muxpart__165: muxpart__26
reg__122: reg__122
datapath__69: datapath__3
reg__200: reg__200
reg__399: reg__253
reg__57: reg__57
interpolation_unit_3__20: interpolation_unit_3
pla__10: pla__5
reg__288: reg__288
reg__710: reg__314
reg__81: reg__81
muxpart__328: muxpart__23
interpolation_unit_2__17: interpolation_unit_2
case__33: case__33
des_S__parameterized1__12: des_S__parameterized1
pla__46: pla__1
muxpart__300: muxpart__19
muxpart__116: muxpart__11
reg__448: reg__258
muxpart__69: muxpart__26
reg__149: reg__149
reg__179: reg__179
interpolation__16: interpolation
reg__45: reg__45
reg__626: reg__242
reg__677: reg__315
logic__309: logic__10
datapath__48: datapath__3
muxpart__48: muxpart__15
des_S__parameterized6__13: des_S__parameterized6
muxpart__189: muxpart__2
des_S__parameterized0__8: des_S__parameterized0
interpolation__30: interpolation
des_S__parameterized4__12: des_S__parameterized4
muxpart__395: muxpart__20
muxpart__343: muxpart__8
muxpart__443: muxpart__4
reg__524: reg__254
pla__187: pla__4
datapath__42: datapath__3
muxpart__166: muxpart__25
reg__28: reg__28
logic__46: logic__46
pla__124: pla__3
interpolation_unit_1__19: interpolation_unit_1
muxpart__61: muxpart__2
muxpart__63: muxpart
case__63: case__63
interpolation_unit_4__29: interpolation_unit_4
reg__290: reg__290
muxpart__128: muxpart__31
muxpart__345: muxpart__6
muxpart__144: muxpart__15
logic__274: logic__18
reg__442: reg__246
reg__174: reg__174
muxpart__252: muxpart__3
reg__138: reg__138
reg__105: reg__105
case__66: case__66
datapath__20: datapath__4
reg__614: reg__254
muxpart__182: muxpart__9
datapath__11: datapath__4
reg__413: reg__257
muxpart__411: muxpart__4
interpolation_unit_3__31: interpolation_unit_3
reg__457: reg__249
reg__600: reg__250
reg__156: reg__156
pla__120: pla__7
muxpart__33: muxpart__30
reg__557: reg__257
des_S__parameterized4__4: des_S__parameterized4
muxpart__431: muxpart__16
reg__11: reg__11
des_S__parameterized6__4: des_S__parameterized6
logic__35: logic__35
interpolation_unit_2__2: interpolation_unit_2
reg__458: reg__248
des_S__parameterized0__6: des_S__parameterized0
logic__37: logic__37
pla__208: pla__7
des_round__15: des_round
reg__451: reg__255
muxpart__248: muxpart__7
reg__236: reg__236
reg__110: reg__110
reg__633: reg__315
pla__244: pla__3
muxpart__424: muxpart__23
muxpart__103: muxpart__24
interpolation__14: interpolation
interpolation_unit_1__29: interpolation_unit_1
pla__69: pla__2
muxpart__220: muxpart__3
logic__44: logic__44
logic__345: logic__17
muxpart__308: muxpart__11
muxpart__109: muxpart__18
logic__318: logic__12
muxpart__213: muxpart__10
muxpart__8: muxpart__8
reg__526: reg__252
reg__243: reg__243
reg__146: reg__146
reg__534: reg__244
pla__89: pla__6
reg__68: reg__68
reg__569: reg__245
interpolation__26: interpolation
pla__18: pla__5
logic__8: logic__8
pla__102: pla__1
interpolation__29: interpolation
interpolation_unit_3__27: interpolation_unit_3
des_S__parameterized6__1: des_S__parameterized6
muxpart__429: muxpart__18
pla__207: pla
reg__645: reg__315
muxpart__34: muxpart__29
case__49: case__49
reg__745: reg__315
interpolation_unit_2__13: interpolation_unit_2
interpolation_unit_4__23: interpolation_unit_4
reg__566: reg__248
reg__256: reg__256
reg__427: reg__243
des_PC2__13: des_PC2
pla__197: pla__2
interpolation_unit_3__13: interpolation_unit_3
pla__56: pla__7
muxpart__171: muxpart__20
reg__23: reg__23
logic__307: logic__14
logic__253: logic__2
reg__168: reg__168
des_key_schedule: des_key_schedule
datapath__17: datapath__4
muxpart__493: muxpart__18
logic__214: logic__18
case__31: case__31
des_S__parameterized1__15: des_S__parameterized1
reg__686: reg__314
logic__324: logic__18
reg__202: reg__202
muxpart__296: muxpart__23
muxpart__86: muxpart__9
reg__452: reg__254
reg__352: reg__352
datapath__7: datapath__7
pla__179: pla__4
logic__341: logic__6
case__17: case__17
reg__26: reg__26
reg__75: reg__75
delay_line__parameterized9: delay_line__parameterized9
reg__612: reg__256
reg__305: reg__305
reg__14: reg__14
logic__265: logic__17
reg__594: reg__256
reg__251: reg__251
logic__30: logic__30
muxpart__256: muxpart__31
des_S__parameterized2__13: des_S__parameterized2
reg__431: reg__257
muxpart__82: muxpart__13
reg__420: reg__250
reg__154: reg__154
des_S__parameterized2__5: des_S__parameterized2
pla__44: pla__3
muxpart__315: muxpart__4
muxpart__7: muxpart__7
reg__689: reg__315
reg__163: reg__163
interpolation_unit_4__7: interpolation_unit_4
muxpart__243: muxpart__12
reg__358: reg__258
reg__521: reg__257
des_S__parameterized2__3: des_S__parameterized2
datapath__66: datapath__3
logic__241: logic__6
reg__606: reg__244
muxpart__245: muxpart__10
pla__26: pla__5
logic__21: logic__21
muxpart__355: muxpart__28
muxpart__53: muxpart__10
muxpart__397: muxpart__18
logic__301: logic__6
interpolation__12: interpolation
reg__453: reg__253
reg__78: reg__78
reg__460: reg__246
reg__676: reg__316
logic__275: logic__17
pla__180: pla__3
des_S__parameterized2__1: des_S__parameterized2
pla__182: pla__1
reg__608: reg__242
muxpart__379: muxpart__4
reg__535: reg__243
logic__278: logic__12
reg__567: reg__247
muxpart__192: muxpart__31
reg__157: reg__157
des_PC2__5: des_PC2
reg__707: reg__313
des_S__parameterized3__9: des_S__parameterized3
case__10: case__10
reg__141: reg__141
case__78: case__78
pla__253: pla__2
logic__311: logic__6
reg__386: reg__248
pla__16: pla__7
des_round__11: des_round
pla__185: pla__6
logic__289: logic__10
case__30: case__30
reg__412: reg__258
interpolation_unit_4__20: interpolation_unit_4
muxpart__191: muxpart
pla__199: pla
reg__668: reg__316
pla__209: pla__6
logic__71: logic__71
reg__618: reg__250
reg__101: reg__101
reg__423: reg__247
muxpart__472: muxpart__7
muxpart__123: muxpart__4
reg__178: reg__178
reg__485: reg__257
interpolation__17: interpolation
datapath__72: datapath__3
logic__233: logic__2
reg__464: reg__242
reg__347: reg__347
pla__190: pla__1
des_S__parameterized3__13: des_S__parameterized3
muxpart__356: muxpart__27
muxpart__284: muxpart__3
case__9: case__9
reg__107: reg__107
logic__48: logic__48
reg__64: reg__64
reg__279: reg__279
reg__384: reg__250
muxpart: muxpart
muxpart__497: muxpart__14
des_round__5: des_round
reg__291: reg__291
des_S__parameterized3__6: des_S__parameterized3
datapath__39: datapath__3
interpolation_unit_3__3: interpolation_unit_3
case__2: case__2
reg__16: reg__16
reg__501: reg__241
muxpart__119: muxpart__8
reg__135: reg__135
reg__515: reg__245
muxpart__80: muxpart__15
pla__181: pla__2
case__34: case__34
muxpart__6: muxpart__6
logic__306: logic__16
logic__169: logic__169
des_S__parameterized4__6: des_S__parameterized4
reg__134: reg__134
des_feistel__13: des_feistel
logic__270: logic__8
muxpart__99: muxpart__28
reg__558: reg__256
des_S__parameterized0__10: des_S__parameterized0
muxpart__106: muxpart__21
reg__426: reg__244
reg__201: reg__201
des_PC2__6: des_PC2
reg__230: reg__230
muxpart__203: muxpart__20
logic__259: logic__10
reg__126: reg__126
muxpart__170: muxpart__21
muxpart__405: muxpart__10
logic__255: logic__17
reg__271: reg__271
reg__228: reg__228
reg__332: reg__332
pla__58: pla__5
muxpart__394: muxpart__21
reg__129: reg__129
des_IP1: des_IP1
case__79: case__79
muxpart__136: muxpart__23
reg__742: reg__314
muxpart__496: muxpart__15
muxpart__384: muxpart__31
reg__541: reg__255
muxpart__408: muxpart__7
des_P__9: des_P
interpolation_unit_3__1: interpolation_unit_3
des_S__parameterized4__3: des_S__parameterized4
des_E__14: des_E
interpolation__31: interpolation
pla__50: pla__5
reg__546: reg__250
muxpart__390: muxpart__25
reg__281: reg__281
muxpart__92: muxpart__3
reg__648: reg__316
pla__25: pla__6
reg__84: reg__84
des_S__12: des_S
des_round__8: des_round
interpolation_unit_4__10: interpolation_unit_4
datapath__100: datapath__2
reg__703: reg__313
muxpart__127: muxpart
reg__221: reg__221
des_PC2__9: des_PC2
reg__116: reg__116
muxpart__120: muxpart__7
reg__212: reg__212
des_P__2: des_P
datapath__83: datapath__4
reg__674: reg__314
reg__631: reg__313
interpolation_unit_2__14: interpolation_unit_2
reg__238: reg__238
case__71: case__71
reg__528: reg__250
muxpart__72: muxpart__23
reg__475: reg__249
datapath__61: datapath__2
muxpart__17: muxpart__17
reg__92: reg__92
muxpart__211: muxpart__12
des_S__parameterized2__9: des_S__parameterized2
muxpart__441: muxpart__6
logic__72: logic__72
interpolation__5: interpolation
reg__577: reg__255
muxpart__423: muxpart__24
des_S__parameterized1__13: des_S__parameterized1
pla__101: pla__2
reg__19: reg__19
reg__318: reg__318
muxpart__108: muxpart__19
reg__563: reg__251
logic__348: logic__12
des_P__1: des_P
case__82: case__82
des_S__parameterized1__7: des_S__parameterized1
case__32: case__32
pla__130: pla__5
reg__607: reg__243
muxpart__87: muxpart__8
reg__289: reg__289
des_S__parameterized2__10: des_S__parameterized2
interpolation_unit_1__5: interpolation_unit_1
muxpart__41: muxpart__22
reg__432: reg__256
muxpart__214: muxpart__9
muxpart__174: muxpart__17
muxpart__477: muxpart__2
logic__219: logic__10
reg__371: reg__245
pla__110: pla__1
reg__581: reg__251
case__81: case__81
reg__726: reg__314
logic__216: logic__16
des_S__parameterized6__9: des_S__parameterized6
muxpart__96: muxpart__31
pla__183: pla
des_PC2__1: des_PC2
reg__490: reg__252
reg__666: reg__314
des_S__parameterized1__1: des_S__parameterized1
muxpart__267: muxpart__20
reg__405: reg__247
reg__308: reg__308
reg__342: reg__342
case__15: case__15
pla__68: pla__3
pla__61: pla__2
muxpart__89: muxpart__6
reg__239: reg__239
muxpart__159: muxpart
reg__137: reg__137
delay_line__parameterized13: delay_line__parameterized13
case__23: case__23
reg__144: reg__144
reg__38: reg__38
reg__214: reg__214
reg__589: reg__243
logic__218: logic__12
logic__279: logic__10
reg__276: reg__276
reg__244: reg__244
reg__530: reg__248
reg__260: reg__260
des_S__parameterized6__10: des_S__parameterized6
pla__225: pla__6
des_P__3: des_P
datapath__99: datapath__3
datapath__77: datapath__4
pla__237: pla__2
muxpart__124: muxpart__3
des_S__parameterized0__7: des_S__parameterized0
muxpart__364: muxpart__19
logic__333: logic__2
muxpart__129: muxpart__30
logic__24: logic__24
interpolation_unit_2__18: interpolation_unit_2
interpolation__15: interpolation
muxpart__438: muxpart__9
reg__32: reg__32
logic__55: logic__55
rc_filter: rc_filter
des_S__parameterized0__5: des_S__parameterized0
datapath__37: datapath__2
muxpart__131: muxpart__28
datapath__53: datapath__4
logic__6: logic__6
muxpart__451: muxpart__28
muxpart__237: muxpart__18
reg__351: reg__351
reg__165: reg__165
muxpart__224: muxpart__31
reg: reg
muxpart__134: muxpart__25
pla__241: pla__6
des_S__parameterized1__8: des_S__parameterized1
reg__503: reg__257
des_S__parameterized4__11: des_S__parameterized4
logic__36: logic__36
reg__574: reg__258
des_S__parameterized2__4: des_S__parameterized2
muxpart__31: muxpart__31
reg__393: reg__241
pla__149: pla__2
reg__369: reg__247
logic__106: logic__106
muxpart__317: muxpart__2
case__13: case__13
interpolation__27: interpolation
interpolation__11: interpolation
muxpart__283: muxpart__4
reg__54: reg__54
reg__418: reg__252
muxpart__263: muxpart__24
logic__78: logic__78
des_P__5: des_P
logic__243: logic__2
reg__494: reg__248
logic__105: logic__105
muxpart__298: muxpart__21
datapath__23: datapath__4
muxpart__43: muxpart__20
pla__153: pla__6
interpolation_unit_3__18: interpolation_unit_3
reg__664: reg__316
des_S__8: des_S
reg__328: reg__328
muxpart__366: muxpart__17
des_S__parameterized2__11: des_S__parameterized2
logic__56: logic__56
reg__35: reg__35
logic__87: logic__87
reg__367: reg__249
des_PC2: des_PC2
reg__186: reg__186
logic__344: logic__18
logic__330: logic__8
muxpart__201: muxpart__22
logic__240: logic__8
interpolation_unit_4__24: interpolation_unit_4
reg__722: reg__314
reg__462: reg__244
des_E__2: des_E
reg__445: reg__243
interpolation__22: interpolation
reg__708: reg__316
counter: counter
interpolation_unit_4__26: interpolation_unit_4
muxpart__93: muxpart__2
muxpart__188: muxpart__3
muxpart__455: muxpart__24
reg__175: reg__175
reg__463: reg__243
datapath__97: datapath__2
reg__716: reg__316
muxpart__318: muxpart__1
logic__250: logic__8
reg__402: reg__250
reg__728: reg__316
reg__673: reg__315
case__76: case__76
pla__81: pla__6
reg__259: reg__259
reg__719: reg__313
pla__201: pla__6
reg__585: reg__247
reg__379: reg__255
logic__261: logic__6
pla__202: pla__5
pla__62: pla__1
muxpart__389: muxpart__26
reg__365: reg__251
reg__353: reg__353
pla__236: pla__3
pla__141: pla__2
datapath__43: datapath__2
interpolation_unit_2__1: interpolation_unit_2
logic__299: logic__10
muxpart__2: muxpart__2
case__67: case__67
muxpart__331: muxpart__20
pla__134: pla__1
reg__491: reg__251
reg__685: reg__315
logic__61: logic__61
interpolation_unit_1__17: interpolation_unit_1
muxpart__23: muxpart__23
pla__254: pla__1
datapath__30: datapath__3
reg__751: reg__313
reg__139: reg__139
interpolation_unit_2__24: interpolation_unit_2
reg__576: reg__256
reg__128: reg__128
reg__449: reg__257
pla__172: pla__3
logic__39: logic__39
datapath__12: datapath__3
reg__114: reg__114
muxpart__74: muxpart__21
muxpart__234: muxpart__21
logic__70: logic__70
muxpart__19: muxpart__19
muxpart__102: muxpart__25
interpolation_unit_1__25: interpolation_unit_1
muxpart__334: muxpart__17
muxpart__158: muxpart__1
reg__248: reg__248
case__24: case__24
datapath__3: datapath__3
pla__23: pla
reg__258: reg__258
reg__375: reg__241
reg__590: reg__242
des_S__parameterized0__3: des_S__parameterized0
pla__155: pla__4
logic__339: logic__10
reg__421: reg__249
reg__586: reg__246
reg__510: reg__250
reg__211: reg__211
interpolation_unit_3__15: interpolation_unit_3
reg__531: reg__247
interpolation_unit_3__7: interpolation_unit_3
reg__641: reg__315
muxpart__277: muxpart__10
reg__171: reg__171
muxpart__115: muxpart__12
muxpart__88: muxpart__7
reg__242: reg__242
des_S__11: des_S
pla__229: pla__2
logic__18: logic__18
reg__478: reg__246
pla__146: pla__5
muxpart__30: muxpart__30
logic__92: logic__92
reg__131: reg__131
reg__227: reg__227
reg__681: reg__315
reg__417: reg__253
des_S__parameterized3__14: des_S__parameterized3
reg__345: reg__345
pla__52: pla__3
reg__699: reg__313
reg__346: reg__346
pla__232: pla__7
muxpart__244: muxpart__11
muxpart__40: muxpart__23
muxpart__281: muxpart__6
interpolation_unit_4__25: interpolation_unit_4
muxpart__401: muxpart__14
reg__556: reg__258
reg__704: reg__316
reg__637: reg__315
logic__10: logic__10
reg__220: reg__220
muxpart__486: muxpart__25
muxpart__198: muxpart__25
muxpart__402: muxpart__13
case__77: case__77
reg__570: reg__244
logic__285: logic__17
logic__54: logic__54
reg__357: reg__357
reg__547: reg__249
reg__744: reg__316
reg__616: reg__252
des_S__13: des_S
logic__276: logic__16
muxpart__374: muxpart__9
muxpart__450: muxpart__29
muxpart__410: muxpart__5
interpolation_unit_4__3: interpolation_unit_4
case__29: case__29
reg__587: reg__245
muxpart__146: muxpart__13
interpolation_unit_4__4: interpolation_unit_4
des_PC2__14: des_PC2
reg__219: reg__219
reg__37: reg__37
reg__207: reg__207
datapath__54: datapath__3
datapath__45: datapath__3
case__74: case__74
logic__229: logic__10
reg__713: reg__315
pla__150: pla__1
reg__112: reg__112
des_E__11: des_E
reg__624: reg__244
reg__140: reg__140
logic__242: logic__4
pla__212: pla__3
muxpart__457: muxpart__22
reg__86: reg__86
reg__189: reg__189
case__39: case__39
reg__749: reg__315
reg__620: reg__248
muxpart__365: muxpart__18
logic__208: logic__208
reg__160: reg__160
reg__621: reg__247
muxpart__125: muxpart__2
reg__748: reg__316
reg__516: reg__244
logic__245: logic__17
